Component: ARM Compiler 5.06 update 5 (build 528) Tool: armlink [4d35e2]

==============================================================================

Section Cross References

    glcd_spi_lpc1700.o(i.GLCD_Bargraph) refers to glcd_spi_lpc1700.o(i.GLCD_SetWindow) for GLCD_SetWindow
    glcd_spi_lpc1700.o(i.GLCD_Bargraph) refers to glcd_spi_lpc1700.o(i.wr_cmd) for wr_cmd
    glcd_spi_lpc1700.o(i.GLCD_Bargraph) refers to glcd_spi_lpc1700.o(i.wr_dat_start) for wr_dat_start
    glcd_spi_lpc1700.o(i.GLCD_Bargraph) refers to glcd_spi_lpc1700.o(i.wr_dat_only) for wr_dat_only
    glcd_spi_lpc1700.o(i.GLCD_Bargraph) refers to glcd_spi_lpc1700.o(i.wr_dat_stop) for wr_dat_stop
    glcd_spi_lpc1700.o(i.GLCD_Bargraph) refers to glcd_spi_lpc1700.o(.data) for Color
    glcd_spi_lpc1700.o(i.GLCD_Bitmap) refers to glcd_spi_lpc1700.o(i.GLCD_SetWindow) for GLCD_SetWindow
    glcd_spi_lpc1700.o(i.GLCD_Bitmap) refers to glcd_spi_lpc1700.o(i.wr_cmd) for wr_cmd
    glcd_spi_lpc1700.o(i.GLCD_Bitmap) refers to glcd_spi_lpc1700.o(i.wr_dat_start) for wr_dat_start
    glcd_spi_lpc1700.o(i.GLCD_Bitmap) refers to glcd_spi_lpc1700.o(i.wr_dat_only) for wr_dat_only
    glcd_spi_lpc1700.o(i.GLCD_Bitmap) refers to glcd_spi_lpc1700.o(i.wr_dat_stop) for wr_dat_stop
    glcd_spi_lpc1700.o(i.GLCD_Clear) refers to glcd_spi_lpc1700.o(i.GLCD_WindowMax) for GLCD_WindowMax
    glcd_spi_lpc1700.o(i.GLCD_Clear) refers to glcd_spi_lpc1700.o(i.wr_cmd) for wr_cmd
    glcd_spi_lpc1700.o(i.GLCD_Clear) refers to glcd_spi_lpc1700.o(i.wr_dat_start) for wr_dat_start
    glcd_spi_lpc1700.o(i.GLCD_Clear) refers to glcd_spi_lpc1700.o(i.wr_dat_only) for wr_dat_only
    glcd_spi_lpc1700.o(i.GLCD_Clear) refers to glcd_spi_lpc1700.o(i.wr_dat_stop) for wr_dat_stop
    glcd_spi_lpc1700.o(i.GLCD_ClearLn) refers to glcd_spi_lpc1700.o(i.GLCD_WindowMax) for GLCD_WindowMax
    glcd_spi_lpc1700.o(i.GLCD_ClearLn) refers to glcd_spi_lpc1700.o(i.GLCD_DisplayString) for GLCD_DisplayString
    glcd_spi_lpc1700.o(i.GLCD_DisplayChar) refers to glcd_spi_lpc1700.o(i.GLCD_DrawChar) for GLCD_DrawChar
    glcd_spi_lpc1700.o(i.GLCD_DisplayChar) refers to glcd_spi_lpc1700.o(.constdata) for Font_6x8_h
    glcd_spi_lpc1700.o(i.GLCD_DisplayString) refers to glcd_spi_lpc1700.o(i.GLCD_DisplayChar) for GLCD_DisplayChar
    glcd_spi_lpc1700.o(i.GLCD_DrawChar) refers to glcd_spi_lpc1700.o(i.GLCD_SetWindow) for GLCD_SetWindow
    glcd_spi_lpc1700.o(i.GLCD_DrawChar) refers to glcd_spi_lpc1700.o(i.wr_cmd) for wr_cmd
    glcd_spi_lpc1700.o(i.GLCD_DrawChar) refers to glcd_spi_lpc1700.o(i.wr_dat_start) for wr_dat_start
    glcd_spi_lpc1700.o(i.GLCD_DrawChar) refers to glcd_spi_lpc1700.o(i.wr_dat_only) for wr_dat_only
    glcd_spi_lpc1700.o(i.GLCD_DrawChar) refers to glcd_spi_lpc1700.o(i.wr_dat_stop) for wr_dat_stop
    glcd_spi_lpc1700.o(i.GLCD_DrawChar) refers to glcd_spi_lpc1700.o(.data) for Color
    glcd_spi_lpc1700.o(i.GLCD_Init) refers to glcd_spi_lpc1700.o(i.rd_id_man) for rd_id_man
    glcd_spi_lpc1700.o(i.GLCD_Init) refers to glcd_spi_lpc1700.o(i.rd_reg) for rd_reg
    glcd_spi_lpc1700.o(i.GLCD_Init) refers to glcd_spi_lpc1700.o(i.wr_reg) for wr_reg
    glcd_spi_lpc1700.o(i.GLCD_Init) refers to glcd_spi_lpc1700.o(i.delay) for delay
    glcd_spi_lpc1700.o(i.GLCD_Init) refers to glcd_spi_lpc1700.o(.data) for Himax
    glcd_spi_lpc1700.o(i.GLCD_PutPixel) refers to glcd_spi_lpc1700.o(i.wr_reg) for wr_reg
    glcd_spi_lpc1700.o(i.GLCD_PutPixel) refers to glcd_spi_lpc1700.o(i.wr_cmd) for wr_cmd
    glcd_spi_lpc1700.o(i.GLCD_PutPixel) refers to glcd_spi_lpc1700.o(i.wr_dat) for wr_dat
    glcd_spi_lpc1700.o(i.GLCD_PutPixel) refers to glcd_spi_lpc1700.o(.data) for Himax
    glcd_spi_lpc1700.o(i.GLCD_SetBackColor) refers to glcd_spi_lpc1700.o(.data) for Color
    glcd_spi_lpc1700.o(i.GLCD_SetTextColor) refers to glcd_spi_lpc1700.o(.data) for Color
    glcd_spi_lpc1700.o(i.GLCD_SetWindow) refers to glcd_spi_lpc1700.o(i.wr_reg) for wr_reg
    glcd_spi_lpc1700.o(i.GLCD_SetWindow) refers to glcd_spi_lpc1700.o(.data) for Himax
    glcd_spi_lpc1700.o(i.GLCD_WindowMax) refers to glcd_spi_lpc1700.o(i.GLCD_SetWindow) for GLCD_SetWindow
    glcd_spi_lpc1700.o(i.GLCD_WrCmd) refers to glcd_spi_lpc1700.o(i.wr_cmd) for wr_cmd
    glcd_spi_lpc1700.o(i.GLCD_WrReg) refers to glcd_spi_lpc1700.o(i.wr_reg) for wr_reg
    glcd_spi_lpc1700.o(i.rd_id_man) refers to glcd_spi_lpc1700.o(i.spi_tran_man) for spi_tran_man
    glcd_spi_lpc1700.o(i.rd_reg) refers to glcd_spi_lpc1700.o(i.wr_cmd) for wr_cmd
    glcd_spi_lpc1700.o(i.rd_reg) refers to glcd_spi_lpc1700.o(i.spi_tran) for spi_tran
    glcd_spi_lpc1700.o(i.spi_tran_man) refers to glcd_spi_lpc1700.o(i.delay) for delay
    glcd_spi_lpc1700.o(i.wr_cmd) refers to glcd_spi_lpc1700.o(i.spi_tran) for spi_tran
    glcd_spi_lpc1700.o(i.wr_dat) refers to glcd_spi_lpc1700.o(i.spi_tran) for spi_tran
    glcd_spi_lpc1700.o(i.wr_dat_only) refers to glcd_spi_lpc1700.o(i.spi_tran) for spi_tran
[...]
    Removing rt_cmsis.o(i.svcThreadGetPriority), (18 bytes).
    Removing rt_cmsis.o(i.svcThreadSetPriority), (46 bytes).
    Removing rt_cmsis.o(i.svcThreadYield), (10 bytes).
    Removing rt_cmsis.o(i.svcTimerCreate), (56 bytes).
    Removing rt_cmsis.o(i.svcTimerDelete), (40 bytes).
    Removing rt_cmsis.o(i.svcTimerStart), (100 bytes).
    Removing rt_cmsis.o(i.svcTimerStop), (36 bytes).
    Removing rt_cmsis.o(i.sysMailAlloc), (88 bytes).
    Removing rt_cmsis.o(i.sysMailFree), (96 bytes).
    Removing rt_cmsis.o(i.sysPoolAlloc), (10 bytes).
    Removing rt_cmsis.o(i.sysPoolFree), (20 bytes).
    Removing rt_cmsis.o(i.sysUserTimerUpdate), (48 bytes).
    Removing rt_cmsis.o(i.sysUserTimerWakeupTime), (20 bytes).
    Removing rt_task.o(i.rt_tsk_pass), (48 bytes).
    Removing rt_system.o(.emb_text), (0 bytes).
    Removing rt_system.o(i.os_tick_ovf), (16 bytes).
    Removing rt_system.o(i.os_tick_val), (20 bytes).
    Removing rt_system.o(i.rt_resume), (136 bytes).
    Removing rt_system.o(i.rt_suspend), (36 bytes).
    Removing rt_system.o(i.rt_tsk_lock), (80 bytes).
    Removing rt_system.o(i.rt_tsk_unlock), (80 bytes).
    Removing rt_event.o(i.isr_evt_set), (40 bytes).
    Removing rt_event.o(i.rt_evt_clr), (28 bytes).
    Removing rt_event.o(i.rt_evt_get), (12 bytes).
    Removing rt_event.o(i.rt_evt_set), (92 bytes).
    Removing rt_event.o(i.rt_evt_wait), (60 bytes).
    Removing rt_list.o(i.rt_get_same_rdy_prio), (36 bytes).
    Removing rt_mailbox.o(i.rt_mbx_send), (152 bytes).
    Removing rt_semaphore.o(i.isr_sem_send), (16 bytes).
    Removing rt_semaphore.o(i.rt_sem_delete), (92 bytes).
    Removing rt_semaphore.o(i.rt_sem_init), (12 bytes).
    Removing rt_semaphore.o(i.rt_sem_send), (42 bytes).
    Removing rt_semaphore.o(i.rt_sem_wait), (64 bytes).
    Removing rt_time.o(i.rt_itv_set), (24 bytes).
    Removing rt_time.o(i.rt_itv_wait), (40 bytes).
    Removing rt_time.o(i.rt_time_get), (12 bytes).
    Removing rt_mutex.o(i.rt_mut_delete), (176 bytes).
    Removing rt_membox.o(i._calloc_box), (30 bytes).
    Removing dadd.o(.text), (334 bytes).
    Removing dmul.o(.text), (228 bytes).
    Removing ddiv.o(.text), (222 bytes).
    Removing dfixul.o(.text), (48 bytes).
    Removing cdrcmple.o(.text), (48 bytes).
    Removing depilogue.o(.text), (186 bytes).

139 unused section(s) (total 5984 bytes) removed from the image.

==============================================================================

Image Symbol Table

    Local Symbols

    Symbol Name                              Value     Ov Type        Size  Object(Section)

    RESET                                    0x00000000   Section      204  startup_lpc17xx.o(RESET)
    ../clib/../cmprslib/lz77c.c              0x00000000   Number         0  __dclz77c.o ABSOLUTE
    ../clib/microlib/division.c              0x00000000   Number         0  uidiv.o ABSOLUTE
    ../clib/microlib/division.c              0x00000000   Number         0  uldiv.o ABSOLUTE
    ../clib/microlib/init/entry.s            0x00000000   Number         0  entry10a.o ABSOLUTE
    ../clib/microlib/init/entry.s            0x00000000   Number         0  entry8b.o ABSOLUTE
    ../clib/microlib/init/entry.s            0x00000000   Number         0  entry.o ABSOLUTE
    ../clib/microlib/init/entry.s            0x00000000   Number         0  entry11b.o ABSOLUTE
    ../clib/microlib/init/entry.s            0x00000000   Number         0  entry8a.o ABSOLUTE
    ../clib/microlib/init/entry.s            0x00000000   Number         0  entry11a.o ABSOLUTE
    ../clib/microlib/init/entry.s            0x00000000   Number         0  entry10b.o ABSOLUTE
    ../clib/microlib/init/entry.s            0x00000000   Number         0  entry2.o ABSOLUTE
    ../clib/microlib/init/entry.s            0x00000000   Number         0  entry5.o ABSOLUTE
    ../clib/microlib/init/entry.s            0x00000000   Number         0  entry7a.o ABSOLUTE
    ../clib/microlib/init/entry.s            0x00000000   Number         0  entry7b.o ABSOLUTE
    ../clib/microlib/longlong.c              0x00000000   Number         0  llsshr.o ABSOLUTE
    ../clib/microlib/longlong.c              0x00000000   Number         0  llushr.o ABSOLUTE
    ../clib/microlib/longlong.c              0x00000000   Number         0  llshl.o ABSOLUTE
    ../clib/microlib/malloc/malloc.c         0x00000000   Number         0  malloc.o ABSOLUTE
    ../clib/microlib/malloc/malloc.c         0x00000000   Number         0  mallocr.o ABSOLUTE
    ../clib/microlib/malloc/malloc.c         0x00000000   Number         0  malloca.o ABSOLUTE
    ../clib/microlib/malloc/malloc.c         0x00000000   Number         0  mallocra.o ABSOLUTE
    ../clib/microlib/malloc/mvars.c          0x00000000   Number         0  mvars.o ABSOLUTE
    ../clib/microlib/printf/printf.c         0x00000000   Number         0  printf8.o ABSOLUTE
    ../clib/microlib/printf/printf.c         0x00000000   Number         0  printf1.o ABSOLUTE
    ../clib/microlib/printf/printf.c         0x00000000   Number         0  printf0.o ABSOLUTE
    ../clib/microlib/printf/printf.c         0x00000000   Number         0  printfb.o ABSOLUTE
    ../clib/microlib/printf/printf.c         0x00000000   Number         0  printf6.o ABSOLUTE
    ../clib/microlib/printf/printf.c         0x00000000   Number         0  printf7.o ABSOLUTE
    ../clib/microlib/printf/printf.c         0x00000000   Number         0  printf5.o ABSOLUTE
    ../clib/microlib/printf/printf.c         0x00000000   Number         0  printf4.o ABSOLUTE
    ../clib/microlib/printf/printf.c         0x00000000   Number         0  printf3.o ABSOLUTE
    ../clib/microlib/printf/printf.c         0x00000000   Number         0  printf2.o ABSOLUTE
    ../clib/microlib/printf/printf.c         0x00000000   Number         0  printfa.o ABSOLUTE
    ../clib/microlib/printf/stubs.s          0x00000000   Number         0  stubs.o ABSOLUTE
    ../clib/microlib/stdlib/rand.c           0x00000000   Number         0  rand.o ABSOLUTE
    ../clib/microlib/string/memcpy.c         0x00000000   Number         0  memcpya.o ABSOLUTE
    ../clib/microlib/string/memcpy.c         0x00000000   Number         0  memcpyb.o ABSOLUTE
    ../clib/microlib/stubs.s                 0x00000000   Number         0  iusefp.o ABSOLUTE
    ../fplib/microlib/fpadd.c                0x00000000   Number         0  dadd.o ABSOLUTE
    ../fplib/microlib/fpdiv.c                0x00000000   Number         0  ddiv.o ABSOLUTE
    ../fplib/microlib/fpepilogue.c           0x00000000   Number         0  depilogue.o ABSOLUTE
    ../fplib/microlib/fpfix.c                0x00000000   Number         0  dfixul.o ABSOLUTE
    ../fplib/microlib/fpmul.c                0x00000000   Number         0  dmul.o ABSOLUTE
    ..\HAL_CM.c                              0x00000000   Number         0  hal_cm.o ABSOLUTE
    ..\\rt_CMSIS.c                           0x00000000   Number         0  rt_cmsis.o ABSOLUTE
    ..\\rt_System.c                          0x00000000   Number         0  rt_system.o ABSOLUTE
    ..\rt_CMSIS.c                            0x00000000   Number         0  rt_cmsis.o ABSOLUTE
    ..\rt_Event.c                            0x00000000   Number         0  rt_event.o ABSOLUTE
    ..\rt_List.c                             0x00000000   Number         0  rt_list.o ABSOLUTE
    ..\rt_Mailbox.c                          0x00000000   Number         0  rt_mailbox.o ABSOLUTE
    ..\rt_MemBox.c                           0x00000000   Number         0  rt_membox.o ABSOLUTE
    ..\rt_Memory.c                           0x00000000   Number         0  rt_memory.o ABSOLUTE
    ..\rt_Mutex.c                            0x00000000   Number         0  rt_mutex.o ABSOLUTE
    ..\rt_Robin.c                            0x00000000   Number         0  rt_robin.o ABSOLUTE
    ..\rt_Semaphore.c                        0x00000000   Number         0  rt_semaphore.o ABSOLUTE
    ..\rt_System.c                           0x00000000   Number         0  rt_system.o ABSOLUTE
    ..\rt_Task.c                             0x00000000   Number         0  rt_task.o ABSOLUTE
    ..\rt_Time.c                             0x00000000   Number         0  rt_time.o ABSOLUTE
    GLCD_SPI_LPC1700.c                       0x00000000   Number         0  glcd_spi_lpc1700.o ABSOLUTE
    GLCD_SPI_LPC1700.c                       0x00000000   Number         0  glcd_spi_lpc1700.o ABSOLUTE
    HAL_CM3.c                                0x00000000   Number         0  hal_cm3.o ABSOLUTE
    HAL_CM3.c                                0x00000000   Number         0  hal_cm3.o ABSOLUTE
    LCD_Display.c                            0x00000000   Number         0  lcd_display.o ABSOLUTE
    LCD_Display.c                            0x00000000   Number         0  lcd_display.o ABSOLUTE
    RTE\CMSIS\RTX_Conf_CM.c                  0x00000000   Number         0  rtx_conf_cm.o ABSOLUTE
    RTE\Device\LPC1768\startup_LPC17xx.s     0x00000000   Number         0  startup_lpc17xx.o ABSOLUTE
    RTE\Device\LPC1768\system_LPC17xx.c      0x00000000   Number         0  system_lpc17xx.o ABSOLUTE
    RTE\\Device\\LPC1768\\system_LPC17xx.c   0x00000000   Number         0  system_lpc17xx.o ABSOLUTE
    Retarget.c                               0x00000000   Number         0  retarget.o ABSOLUTE
    SVC_Table.s                              0x00000000   Number         0  svc_table.o ABSOLUTE
    cdrcmple.s                               0x00000000   Number         0  cdrcmple.o ABSOLUTE
    dc.s                                     0x00000000   Number         0  dc.o ABSOLUTE
    gameLogic.c                              0x00000000   Number         0  gamelogic.o ABSOLUTE
    gameLogic.c                              0x00000000   Number         0  gamelogic.o ABSOLUTE
    graphics.c                               0x00000000   Number         0  graphics.o ABSOLUTE
    graphics.c                               0x00000000   Number         0  graphics.o ABSOLUTE
    handlers.s                               0x00000000   Number         0  handlers.o ABSOLUTE
    init.s                                   0x00000000   Number         0  init.o ABSOLUTE
    main.c                                   0x00000000   Number         0  main.o ABSOLUTE
    main.c                                   0x00000000   Number         0  main.o ABSOLUTE
    pollingIO.c                              0x00000000   Number         0  pollingio.o ABSOLUTE
    pollingIO.c                              0x00000000   Number         0  pollingio.o ABSOLUTE
    uart.c                                   0x00000000   Number         0  uart.o ABSOLUTE
    uart.c                                   0x00000000   Number         0  uart.o ABSOLUTE
    .ARM.Collect$$$$00000000                 0x000000cc   Section        0  entry.o(.ARM.Collect$$$$00000000)
    .ARM.Collect$$$$00000001                 0x000000cc   Section        4  entry2.o(.ARM.Collect$$$$00000001)
    .ARM.Collect$$$$00000004                 0x000000d0   Section        4  entry5.o(.ARM.Collect$$$$00000004)
    .ARM.Collect$$$$00000008                 0x000000d4   Section        0  entry7b.o(.ARM.Collect$$$$00000008)
    .ARM.Collect$$$$0000000A                 0x000000d4   Section        0  entry8b.o(.ARM.Collect$$$$0000000A)
    .ARM.Collect$$$$0000000D                 0x000000d4   Section        0  entry10a.o(.ARM.Collect$$$$0000000D)
    .ARM.Collect$$$$0000000F                 0x000000d4   Section        0  entry11a.o(.ARM.Collect$$$$0000000F)
    .ARM.Collect$$$$000000FF                 0x000000d4   Section        0  rtx_conf_cm.o(.ARM.Collect$$$$000000FF)
    .ARM.Collect$$$$00002712                 0x000000ec   Section        4  entry2.o(.ARM.Collect$$$$00002712)
    __lit__00000000                          0x000000ec   Data           4  entry2.o(.ARM.Collect$$$$00002712)
    .emb_text                                0x000000f0   Section      304  hal_cm3.o(.emb_text)
    .text                                    0x00000220   Section       36  startup_lpc17xx.o(.text)
    .text                                    0x00000244   Section        0  rand.o(.text)
    .text                                    0x00000268   Section        0  memcpya.o(.text)
    .text                                    0x0000028c   Section        0  uidiv.o(.text)
    .text                                    0x000002b8   Section       36  init.o(.text)
    SVC_TABLE                                0x000002dc   Section        4  svc_table.o(SVC_TABLE)
    i.Free                                   0x000002e0   Section        0  uart.o(i.Free)
    i.GLCD_SetBackColor                      0x000002e8   Section        0  glcd_spi_lpc1700.o(i.GLCD_SetBackColor)
    i.__scatterload_null                     0x000002f4   Section        2  handlers.o(i.__scatterload_null)
    i.os_idle_demon                          0x000002f6   Section        0  rtx_conf_cm.o(i.os_idle_demon)
    i.os_tick_irqack                         0x000002fa   Section        0  rt_system.o(i.os_tick_irqack)
    .ARM.__at_0x02FC                         0x000002fc   Section        4  startup_lpc17xx.o(.ARM.__at_0x02FC)
    .text                                    0x00000300   Section        0  __dclz77c.o(.text)
    i.FreeRcv                                0x00000360   Section        0  uart.o(i.FreeRcv)
    i.FreeSnd                                0x00000384   Section        0  uart.o(i.FreeSnd)
    i.GLCD_Bargraph                          0x000003a8   Section        0  glcd_spi_lpc1700.o(i.GLCD_Bargraph)
    i.GLCD_Bitmap                            0x00000410   Section        0  glcd_spi_lpc1700.o(i.GLCD_Bitmap)
    i.GLCD_Clear                             0x00000462   Section        0  glcd_spi_lpc1700.o(i.GLCD_Clear)
    i.GLCD_DisplayChar                       0x0000048c   Section        0  glcd_spi_lpc1700.o(i.GLCD_DisplayChar)
    i.GLCD_DisplayString                     0x000004e8   Section        0  glcd_spi_lpc1700.o(i.GLCD_DisplayString)
    i.GLCD_DrawChar                          0x00000510   Section        0  glcd_spi_lpc1700.o(i.GLCD_DrawChar)
    i.GLCD_Init                              0x000005ac   Section        0  glcd_spi_lpc1700.o(i.GLCD_Init)
    i.GLCD_SetTextColor                      0x00000b94   Section        0  glcd_spi_lpc1700.o(i.GLCD_SetTextColor)
    i.GLCD_SetWindow                         0x00000ba0   Section        0  glcd_spi_lpc1700.o(i.GLCD_SetWindow)
    i.GLCD_WindowMax                         0x00000c4c   Section        0  glcd_spi_lpc1700.o(i.GLCD_WindowMax)
    i.SystemInit                             0x00000c60   Section        0  system_lpc17xx.o(i.SystemInit)
    i.UART0_IRQHandler                       0x00000da0   Section        0  uart.o(i.UART0_IRQHandler)
    i.UART1_IRQHandler                       0x00000e08   Section        0  uart.o(i.UART1_IRQHandler)
    i.UARTInit                               0x00000e78   Section        0  uart.o(i.UARTInit)
    i.UARTSendChar                           0x00000f34   Section        0  uart.o(i.UARTSendChar)
    i.__0printf$1                            0x00000f58   Section        0  printf1.o(i.__0printf$1)
    i.__0snprintf$1                          0x00000f78   Section        0  printf1.o(i.__0snprintf$1)
    i.__NVIC_EnableIRQ                       0x00000fa8   Section        0  uart.o(i.__NVIC_EnableIRQ)
    __NVIC_EnableIRQ                         0x00000fa9   Thumb Code    26  uart.o(i.__NVIC_EnableIRQ)
    i.__scatterload_copy                     0x00000fc2   Section       14  handlers.o(i.__scatterload_copy)
    i.__scatterload_zeroinit                 0x00000fd0   Section       14  handlers.o(i.__scatterload_zeroinit)
    i._init_box                              0x00000fde   Section        0  rt_membox.o(i._init_box)
    i._printf_core                           0x00001024   Section        0  printf1.o(i._printf_core)
    _printf_core                             0x00001025   Thumb Code   336  printf1.o(i._printf_core)
    i._snputc                                0x00001178   Section        0  printf1.o(i._snputc)
    _snputc                                  0x00001179   Thumb Code    22  printf1.o(i._snputc)
    i.addOneBar                              0x0000118e   Section        0  lcd_display.o(i.addOneBar)
    i.collisionDetect                        0x000011c4   Section        0  gamelogic.o(i.collisionDetect)
    i.collisionDetectThread                  0x00001344   Section        0  main.o(i.collisionDetectThread)
    i.dbg_init                               0x00001360   Section        0  hal_cm.o(i.dbg_init)
    i.dbg_task_notify                        0x00001390   Section        0  hal_cm.o(i.dbg_task_notify)
    i.dbg_task_switch                        0x000013b0   Section        0  hal_cm.o(i.dbg_task_switch)
    i.delay                                  0x000013c0   Section        0  glcd_spi_lpc1700.o(i.delay)
    delay                                    0x000013c1   Thumb Code    14  glcd_spi_lpc1700.o(i.delay)
    i.displayGameOver                        0x000013d0   Section        0  lcd_display.o(i.displayGameOver)
    i.displayLEDLives                        0x000014d0   Section        0  gamelogic.o(i.displayLEDLives)
    i.displayLifeLost                        0x00001540   Section        0  lcd_display.o(i.displayLifeLost)
    i.displayMainMenu                        0x000015fc   Section        0  lcd_display.o(i.displayMainMenu)
    i.drawOneBar                             0x00001704   Section        0  lcd_display.o(i.drawOneBar)
    i.fputc                                  0x00001794   Section        0  retarget.o(i.fputc)
    i.getFrequency                           0x000017a4   Section        0  uart.o(i.getFrequency)
    i.getNewObstacle                         0x000017ec   Section        0  lcd_display.o(i.getNewObstacle)
    i.gooseUpdate                            0x0000180c   Section        0  lcd_display.o(i.gooseUpdate)
    i.gooseUpdateThread                      0x0000185c   Section        0  main.o(i.gooseUpdateThread)
    i.initGame                               0x00001884   Section        0  gamelogic.o(i.initGame)
    i.initLandscape                          0x000018dc   Section        0  lcd_display.o(i.initLandscape)
    i.isrMessageGet                          0x00001922   Section        0  rt_cmsis.o(i.isrMessageGet)
    i.isrMessagePut                          0x0000194c   Section        0  rt_cmsis.o(i.isrMessagePut)
    i.isr_mbx_receive                        0x00001978   Section        0  rt_mailbox.o(i.isr_mbx_receive)
    i.isr_mbx_send                           0x000019ce   Section        0  rt_mailbox.o(i.isr_mbx_send)
    i.joystickPoll                           0x000019dc   Section        0  pollingio.o(i.joystickPoll)
    i.joystickPollThread                     0x00001a0c   Section        0  main.o(i.joystickPollThread)
    i.landscapeUpdate                        0x00001a28   Section        0  lcd_display.o(i.landscapeUpdate)
    i.landscapeUpdateThread                  0x00001cb4   Section        0  main.o(i.landscapeUpdateThread)
    i.main                                   0x00001cd4   Section        0  main.o(i.main)
    i.malloc                                 0x00001d54   Section        0  malloc.o(i.malloc)
    i.osDelay                                0x00001dc0   Section        0  rt_cmsis.o(i.osDelay)
    i.osKernelInitialize                     0x00001dd8   Section        0  rt_cmsis.o(i.osKernelInitialize)
    i.osKernelStart                          0x00001dfc   Section        0  rt_cmsis.o(i.osKernelStart)
    i.osMessageGet                           0x00001e68   Section        0  rt_cmsis.o(i.osMessageGet)
    i.osMutexCreate                          0x00001e80   Section        0  rt_cmsis.o(i.osMutexCreate)
    i.osMutexRelease                         0x00001eac   Section        0  rt_cmsis.o(i.osMutexRelease)
    i.osMutexWait                            0x00001ec4   Section        0  rt_cmsis.o(i.osMutexWait)
    i.osThreadCreate                         0x00001edc   Section        0  rt_cmsis.o(i.osThreadCreate)
    i.osThreadExit                           0x00001f08   Section        0  rt_cmsis.o(i.osThreadExit)
    i.osTimerCall                            0x00001f20   Section        0  rt_cmsis.o(i.osTimerCall)
    i.osTimerThread                          0x00001f2c   Section        0  rt_cmsis.o(i.osTimerThread)
    i.os_error                               0x00001f58   Section        0  rtx_conf_cm.o(i.os_error)
    i.os_tick_init                           0x00001f7c   Section        0  rt_system.o(i.os_tick_init)
    i.rd_id_man                              0x00001fa4   Section        0  glcd_spi_lpc1700.o(i.rd_id_man)
    rd_id_man                                0x00001fa5   Thumb Code   132  glcd_spi_lpc1700.o(i.rd_id_man)
    i.rd_reg                                 0x00002030   Section        0  glcd_spi_lpc1700.o(i.rd_reg)
    rd_reg                                   0x00002031   Thumb Code    66  glcd_spi_lpc1700.o(i.rd_reg)
    i.returnRandom                           0x00002078   Section        0  lcd_display.o(i.returnRandom)
    i.rt_alloc_box                           0x0000208c   Section        0  rt_membox.o(i.rt_alloc_box)
    i.rt_alloc_mem                           0x000020a6   Section        0  rt_memory.o(i.rt_alloc_mem)
    i.rt_block                               0x000020e4   Section        0  rt_task.o(i.rt_block)
    i.rt_chk_robin                           0x0000211c   Section        0  rt_robin.o(i.rt_chk_robin)
    i.rt_dec_dly                             0x00002164   Section        0  rt_list.o(i.rt_dec_dly)
    i.rt_dispatch                            0x000021d4   Section        0  rt_task.o(i.rt_dispatch)
    i.rt_dly_wait                            0x00002218   Section        0  rt_time.o(i.rt_dly_wait)
    i.rt_evt_psh                             0x00002220   Section        0  rt_event.o(i.rt_evt_psh)
    i.rt_free_box                            0x00002270   Section        0  rt_membox.o(i.rt_free_box)
    i.rt_free_mem                            0x0000229c   Section        0  rt_memory.o(i.rt_free_mem)
    i.rt_get_first                           0x000022c4   Section        0  rt_list.o(i.rt_get_first)
    i.rt_id2obj                              0x000022ec   Section        0  rt_cmsis.o(i.rt_id2obj)
    rt_id2obj                                0x000022ed   Thumb Code     8  rt_cmsis.o(i.rt_id2obj)
    i.rt_init_context                        0x000022f4   Section        0  rt_task.o(i.rt_init_context)
    rt_init_context                          0x000022f5   Thumb Code    66  rt_task.o(i.rt_init_context)
    i.rt_init_mem                            0x0000233c   Section        0  rt_memory.o(i.rt_init_mem)
    i.rt_init_robin                          0x00002358   Section        0  rt_robin.o(i.rt_init_robin)
    i.rt_init_stack                          0x00002370   Section        0  hal_cm.o(i.rt_init_stack)
    i.rt_mbx_check                           0x000023f0   Section        0  rt_mailbox.o(i.rt_mbx_check)
    i.rt_mbx_init                            0x000023f8   Section        0  rt_mailbox.o(i.rt_mbx_init)
    i.rt_mbx_psh                             0x00002414   Section        0  rt_mailbox.o(i.rt_mbx_psh)
    i.rt_mbx_wait                            0x00002504   Section        0  rt_mailbox.o(i.rt_mbx_wait)
    i.rt_ms2tick                             0x000025b8   Section        0  rt_cmsis.o(i.rt_ms2tick)
    rt_ms2tick                               0x000025b9   Thumb Code    58  rt_cmsis.o(i.rt_ms2tick)
    i.rt_mut_init                            0x000025fc   Section        0  rt_mutex.o(i.rt_mut_init)
    i.rt_mut_release                         0x0000260c   Section        0  rt_mutex.o(i.rt_mut_release)
    i.rt_mut_wait                            0x000026e4   Section        0  rt_mutex.o(i.rt_mut_wait)
    i.rt_pop_req                             0x0000275c   Section        0  rt_system.o(i.rt_pop_req)
    i.rt_psh_req                             0x000027d8   Section        0  rt_system.o(i.rt_psh_req)
    i.rt_psq_enq                             0x000027f8   Section        0  rt_list.o(i.rt_psq_enq)
    i.rt_put_dly                             0x00002854   Section        0  rt_list.o(i.rt_put_dly)
    i.rt_put_prio                            0x0000289c   Section        0  rt_list.o(i.rt_put_prio)
    i.rt_put_rdy_first                       0x000028d4   Section        0  rt_list.o(i.rt_put_rdy_first)
    i.rt_resort_prio                         0x000028e8   Section        0  rt_list.o(i.rt_resort_prio)
    i.rt_ret_val                             0x0000291c   Section        0  hal_cm.o(i.rt_ret_val)
    i.rt_ret_val2                            0x00002922   Section        0  hal_cm.o(i.rt_ret_val2)
    i.rt_rmv_dly                             0x0000292a   Section        0  rt_list.o(i.rt_rmv_dly)
    i.rt_rmv_list                            0x00002954   Section        0  rt_list.o(i.rt_rmv_list)
    i.rt_sem_psh                             0x00002984   Section        0  rt_semaphore.o(i.rt_sem_psh)
    i.rt_stk_check                           0x000029b8   Section        0  rt_system.o(i.rt_stk_check)
    i.rt_switch_req                          0x000029dc   Section        0  rt_task.o(i.rt_switch_req)
    i.rt_sys_init                            0x00002a04   Section        0  rt_task.o(i.rt_sys_init)
    i.rt_sys_start                           0x00002ad0   Section        0  rt_task.o(i.rt_sys_start)
    i.rt_systick                             0x00002b48   Section        0  rt_system.o(i.rt_systick)
    i.rt_tid2ptcb                            0x00002b88   Section        0  rt_cmsis.o(i.rt_tid2ptcb)
    rt_tid2ptcb                              0x00002b89   Thumb Code    18  rt_cmsis.o(i.rt_tid2ptcb)
    i.rt_timer_insert                        0x00002b9c   Section        0  rt_cmsis.o(i.rt_timer_insert)
    rt_timer_insert                          0x00002b9d   Thumb Code    48  rt_cmsis.o(i.rt_timer_insert)
    i.rt_tsk_create                          0x00002bd0   Section        0  rt_task.o(i.rt_tsk_create)
    i.rt_tsk_delete                          0x00002c58   Section        0  rt_task.o(i.rt_tsk_delete)
    i.rt_tsk_prio                            0x00002dd4   Section        0  rt_task.o(i.rt_tsk_prio)
    i.rt_tsk_self                            0x00002e50   Section        0  rt_task.o(i.rt_tsk_self)
    i.sendchar                               0x00002e60   Section        0  retarget.o(i.sendchar)
    i.spi_tran                               0x00002ea4   Section        0  glcd_spi_lpc1700.o(i.spi_tran)
    spi_tran                                 0x00002ea5   Thumb Code    28  glcd_spi_lpc1700.o(i.spi_tran)
    i.spi_tran_man                           0x00002ec4   Section        0  glcd_spi_lpc1700.o(i.spi_tran_man)
    spi_tran_man                             0x00002ec5   Thumb Code   124  glcd_spi_lpc1700.o(i.spi_tran_man)
    i.svcDelay                               0x00002f44   Section        0  rt_cmsis.o(i.svcDelay)
    i.svcKernelInitialize                    0x00002f58   Section        0  rt_cmsis.o(i.svcKernelInitialize)
    i.svcKernelStart                         0x00002fc8   Section        0  rt_cmsis.o(i.svcKernelStart)
    i.svcMessageCreate                       0x00003010   Section        0  rt_cmsis.o(i.svcMessageCreate)
    i.svcMessageGet                          0x00003034   Section        0  rt_cmsis.o(i.svcMessageGet)
    i.svcMutexCreate                         0x0000306e   Section        0  rt_cmsis.o(i.svcMutexCreate)
    i.svcMutexRelease                        0x0000308a   Section        0  rt_cmsis.o(i.svcMutexRelease)
    i.svcMutexWait                           0x000030ac   Section        0  rt_cmsis.o(i.svcMutexWait)
    i.svcThreadCreate                        0x000030e8   Section        0  rt_cmsis.o(i.svcThreadCreate)
    i.svcThreadGetId                         0x00003154   Section        0  rt_cmsis.o(i.svcThreadGetId)
    i.svcThreadTerminate                     0x00003170   Section        0  rt_cmsis.o(i.svcThreadTerminate)
    i.svcTimerCall                           0x000031a8   Section        0  rt_cmsis.o(i.svcTimerCall)
    i.sysTimerTick                           0x000031c0   Section        0  rt_cmsis.o(i.sysTimerTick)
    i.wr_cmd                                 0x0000321c   Section        0  glcd_spi_lpc1700.o(i.wr_cmd)
    wr_cmd                                   0x0000321d   Thumb Code    36  glcd_spi_lpc1700.o(i.wr_cmd)
    i.wr_dat                                 0x00003244   Section        0  glcd_spi_lpc1700.o(i.wr_dat)
    wr_dat                                   0x00003245   Thumb Code    36  glcd_spi_lpc1700.o(i.wr_dat)
    i.wr_dat_only                            0x0000326c   Section        0  glcd_spi_lpc1700.o(i.wr_dat_only)
    wr_dat_only                              0x0000326d   Thumb Code    18  glcd_spi_lpc1700.o(i.wr_dat_only)
    i.wr_dat_start                           0x00003280   Section        0  glcd_spi_lpc1700.o(i.wr_dat_start)
    wr_dat_start                             0x00003281   Thumb Code    16  glcd_spi_lpc1700.o(i.wr_dat_start)
    i.wr_dat_stop                            0x00003294   Section        0  glcd_spi_lpc1700.o(i.wr_dat_stop)
    wr_dat_stop                              0x00003295   Thumb Code     8  glcd_spi_lpc1700.o(i.wr_dat_stop)
    i.wr_reg                                 0x000032a0   Section        0  glcd_spi_lpc1700.o(i.wr_reg)
    wr_reg                                   0x000032a1   Thumb Code    20  glcd_spi_lpc1700.o(i.wr_reg)
    .constdata                               0x000032b4   Section     6272  glcd_spi_lpc1700.o(.constdata)
    .constdata                               0x00004b34   Section       68  main.o(.constdata)
    .constdata                               0x00004b78   Section      104  rtx_conf_cm.o(.constdata)
    __tagsym$$used                           0x00004b94   Number         0  rtx_conf_cm.o(.constdata)
    __tagsym$$used                           0x00004b98   Number         0  rtx_conf_cm.o(.constdata)
    __tagsym$$used                           0x00004b9c   Number         0  rtx_conf_cm.o(.constdata)
    __tagsym$$used                           0x00004ba0   Number         0  rtx_conf_cm.o(.constdata)
    .data                                    0x10000000   Section        5  glcd_spi_lpc1700.o(.data)
    Color                                    0x10000000   Data           4  glcd_spi_lpc1700.o(.data)
    Himax                                    0x10000004   Data           1  glcd_spi_lpc1700.o(.data)
    .data                                    0x10000008   Section       12  retarget.o(.data)
    .data                                    0x10000014   Section       32  uart.o(.data)
    .data                                    0x10000034   Section        4  main.o(.data)
    .data                                    0x10000038   Section     5168  graphics.o(.data)
    .data                                    0x10001468   Section       16  rtx_conf_cm.o(.data)
    .data                                    0x10001478   Section        4  system_lpc17xx.o(.data)
    .data                                    0x1000147c   Section        8  rt_cmsis.o(.data)
    .data                                    0x10001484   Section        8  rt_task.o(.data)
    .data                                    0x1000148c   Section        8  rt_system.o(.data)
    os_lock                                  0x1000148c   Data           1  rt_system.o(.data)
    os_psh_flag                              0x1000148d   Data           1  rt_system.o(.data)
    pend_flags                               0x1000148e   Data           1  rt_system.o(.data)
    .data                                    0x10001494   Section        4  rt_time.o(.data)
    .data                                    0x10001498   Section        1  hal_cm.o(.data)
    .data                                    0x1000149c   Section        8  rt_robin.o(.data)
    .data                                    0x100014a4   Section        4  rand.o(.data)
    _rand_state                              0x100014a4   Data           4  rand.o(.data)
    .data                                    0x100014a8   Section        4  mvars.o(.data)
    .data                                    0x100014ac   Section        4  mvars.o(.data)
    .bss                                     0x100014b0   Section      128  uart.o(.bss)
    .bss                                     0x10001530   Section       16  main.o(.bss)
    .bss                                     0x10001540   Section     4400  rtx_conf_cm.o(.bss)
    .bss                                     0x10002670   Section       52  rt_task.o(.bss)
    .bss                                     0x100026a4   Section       48  rt_list.o(.bss)
    HEAP                                     0x100026d8   Section     8192  startup_lpc17xx.o(HEAP)
    STACK                                    0x100046d8   Section     8192  startup_lpc17xx.o(STACK)

    Global Symbols

    Symbol Name                              Value     Ov Type        Size  Object(Section)

    BuildAttributes$$THM_ISAv4$P$D$K$B$S$PE$A:L22UL41UL21$X:L11$S22US41US21$IEEE1$IW$USESV6$~STKCKD$USESV7$~SHL$OSPACE$ROPI$EBA8$MICROLIB$REQ8$PRES8$EABIv2 0x00000000   Number         0  anon$$obj.o ABSOLUTE
    __ARM_use_no_argv                        0x00000000   Number         0  main.o ABSOLUTE
    __Vectors                                0x00000000   Data           4  startup_lpc17xx.o(RESET)
    _printf_a                                0x00000000   Number         0  stubs.o ABSOLUTE
    _printf_c                                0x00000000   Number         0  stubs.o ABSOLUTE
    _printf_charcount                        0x00000000   Number         0  stubs.o ABSOLUTE
    _printf_d                                0x00000000   Number         0  stubs.o ABSOLUTE
    _printf_e                                0x00000000   Number         0  stubs.o ABSOLUTE
    _printf_f                                0x00000000   Number         0  stubs.o ABSOLUTE
    _printf_flags                            0x00000000   Number         0  stubs.o ABSOLUTE
    _printf_fp_dec                           0x00000000   Number         0  stubs.o ABSOLUTE
    _printf_fp_hex                           0x00000000   Number         0  stubs.o ABSOLUTE
    _printf_g                                0x00000000   Number         0  stubs.o ABSOLUTE
    _printf_i                                0x00000000   Number         0  stubs.o ABSOLUTE
    _printf_int_dec                          0x00000000   Number         0  stubs.o ABSOLUTE
    _printf_l                                0x00000000   Number         0  stubs.o ABSOLUTE
    _printf_lc                               0x00000000   Number         0  stubs.o ABSOLUTE
    _printf_ll                               0x00000000   Number         0  stubs.o ABSOLUTE
    _printf_lld                              0x00000000   Number         0  stubs.o ABSOLUTE
    _printf_lli                              0x00000000   Number         0  stubs.o ABSOLUTE
    _printf_llo                              0x00000000   Number         0  stubs.o ABSOLUTE
    _printf_llu                              0x00000000   Number         0  stubs.o ABSOLUTE
    _printf_llx                              0x00000000   Number         0  stubs.o ABSOLUTE
    _printf_longlong_dec                     0x00000000   Number         0  stubs.o ABSOLUTE
    _printf_longlong_hex                     0x00000000   Number         0  stubs.o ABSOLUTE
    _printf_longlong_oct                     0x00000000   Number         0  stubs.o ABSOLUTE
    _printf_ls                               0x00000000   Number         0  stubs.o ABSOLUTE
    _printf_mbtowc                           0x00000000   Number         0  stubs.o ABSOLUTE
    _printf_n                                0x00000000   Number         0  stubs.o ABSOLUTE
    _printf_o                                0x00000000   Number         0  stubs.o ABSOLUTE
    _printf_p                                0x00000000   Number         0  stubs.o ABSOLUTE
    _printf_percent                          0x00000000   Number         0  stubs.o ABSOLUTE
    _printf_pre_padding                      0x00000000   Number         0  stubs.o ABSOLUTE
    _printf_return_value                     0x00000000   Number         0  stubs.o ABSOLUTE
    _printf_s                                0x00000000   Number         0  stubs.o ABSOLUTE
    _printf_sizespec                         0x00000000   Number         0  stubs.o ABSOLUTE
    _printf_str                              0x00000000   Number         0  stubs.o ABSOLUTE
    _printf_truncate_signed                  0x00000000   Number         0  stubs.o ABSOLUTE
    _printf_truncate_unsigned                0x00000000   Number         0  stubs.o ABSOLUTE
    _printf_u                                0x00000000   Number         0  stubs.o ABSOLUTE
    _printf_wc                               0x00000000   Number         0  stubs.o ABSOLUTE
    _printf_wctomb                           0x00000000   Number         0  stubs.o ABSOLUTE
    _printf_widthprec                        0x00000000   Number         0  stubs.o ABSOLUTE
    _printf_x                                0x00000000   Number         0  stubs.o ABSOLUTE
    __cpp_initialize__aeabi_                  - Undefined Weak Reference
    __cxa_finalize                            - Undefined Weak Reference
    _clock_init                               - Undefined Weak Reference
    _microlib_exit                            - Undefined Weak Reference
    __main                                   0x000000cd   Thumb Code     0  entry.o(.ARM.Collect$$$$00000000)
    _main_stk                                0x000000cd   Thumb Code     0  entry2.o(.ARM.Collect$$$$00000001)
    _main_scatterload                        0x000000d1   Thumb Code     0  entry5.o(.ARM.Collect$$$$00000004)
    __main_after_scatterload                 0x000000d5   Thumb Code     0  entry5.o(.ARM.Collect$$$$00000004)
    __rt_final_cpp                           0x000000d5   Thumb Code     0  entry10a.o(.ARM.Collect$$$$0000000D)
    __rt_final_exit                          0x000000d5   Thumb Code     0  entry11a.o(.ARM.Collect$$$$0000000F)
    _main_clock                              0x000000d5   Thumb Code     0  entry7b.o(.ARM.Collect$$$$00000008)
    _main_cpp_init                           0x000000d5   Thumb Code     0  entry8b.o(.ARM.Collect$$$$0000000A)
    _main_init                               0x000000d5   Thumb Code    18  rtx_conf_cm.o(.ARM.Collect$$$$000000FF)
    rt_set_PSP                               0x000000f1   Thumb Code     6  hal_cm3.o(.emb_text)
    rt_get_PSP                               0x000000f7   Thumb Code     6  hal_cm3.o(.emb_text)
    os_set_env                               0x000000fd   Thumb Code    24  hal_cm3.o(.emb_text)
    _alloc_box                               0x00000119   Thumb Code    28  hal_cm3.o(.emb_text)
    _free_box                                0x00000139   Thumb Code    28  hal_cm3.o(.emb_text)
    SVC_Handler                              0x00000159   Thumb Code   108  hal_cm3.o(.emb_text)
    PendSV_Handler                           0x000001d1   Thumb Code    56  hal_cm3.o(.emb_text)
    SysTick_Handler                          0x0000020d   Thumb Code     8  hal_cm3.o(.emb_text)
    OS_Tick_Handler                          0x00000215   Thumb Code    12  hal_cm3.o(.emb_text)
    Reset_Handler                            0x00000221   Thumb Code     8  startup_lpc17xx.o(.text)
    NMI_Handler                              0x00000229   Thumb Code     2  startup_lpc17xx.o(.text)
    HardFault_Handler                        0x0000022b   Thumb Code     2  startup_lpc17xx.o(.text)
    MemManage_Handler                        0x0000022d   Thumb Code     2  startup_lpc17xx.o(.text)
    BusFault_Handler                         0x0000022f   Thumb Code     2  startup_lpc17xx.o(.text)
    UsageFault_Handler                       0x00000231   Thumb Code     2  startup_lpc17xx.o(.text)
    DebugMon_Handler                         0x00000235   Thumb Code     2  startup_lpc17xx.o(.text)
    ADC_IRQHandler                           0x0000023b   Thumb Code     0  startup_lpc17xx.o(.text)
    BOD_IRQHandler                           0x0000023b   Thumb Code     0  startup_lpc17xx.o(.text)
    CANActivity_IRQHandler                   0x0000023b   Thumb Code     0  startup_lpc17xx.o(.text)
    CAN_IRQHandler                           0x0000023b   Thumb Code     0  startup_lpc17xx.o(.text)
    DMA_IRQHandler                           0x0000023b   Thumb Code     0  startup_lpc17xx.o(.text)
    EINT0_IRQHandler                         0x0000023b   Thumb Code     0  startup_lpc17xx.o(.text)
    EINT1_IRQHandler                         0x0000023b   Thumb Code     0  startup_lpc17xx.o(.text)
    EINT2_IRQHandler                         0x0000023b   Thumb Code     0  startup_lpc17xx.o(.text)
    EINT3_IRQHandler                         0x0000023b   Thumb Code     0  startup_lpc17xx.o(.text)
    ENET_IRQHandler                          0x0000023b   Thumb Code     0  startup_lpc17xx.o(.text)
    I2C0_IRQHandler                          0x0000023b   Thumb Code     0  startup_lpc17xx.o(.text)
    I2C1_IRQHandler                          0x0000023b   Thumb Code     0  startup_lpc17xx.o(.text)
    I2C2_IRQHandler                          0x0000023b   Thumb Code     0  startup_lpc17xx.o(.text)
    I2S_IRQHandler                           0x0000023b   Thumb Code     0  startup_lpc17xx.o(.text)
    MCPWM_IRQHandler                         0x0000023b   Thumb Code     0  startup_lpc17xx.o(.text)
    PLL0_IRQHandler                          0x0000023b   Thumb Code     0  startup_lpc17xx.o(.text)
    PLL1_IRQHandler                          0x0000023b   Thumb Code     0  startup_lpc17xx.o(.text)
    PWM1_IRQHandler                          0x0000023b   Thumb Code     0  startup_lpc17xx.o(.text)
    QEI_IRQHandler                           0x0000023b   Thumb Code     0  startup_lpc17xx.o(.text)
    RIT_IRQHandler                           0x0000023b   Thumb Code     0  startup_lpc17xx.o(.text)
    RTC_IRQHandler                           0x0000023b   Thumb Code     0  startup_lpc17xx.o(.text)
    SPI_IRQHandler                           0x0000023b   Thumb Code     0  startup_lpc17xx.o(.text)
    SSP0_IRQHandler                          0x0000023b   Thumb Code     0  startup_lpc17xx.o(.text)
    SSP1_IRQHandler                          0x0000023b   Thumb Code     0  startup_lpc17xx.o(.text)
    TIMER0_IRQHandler                        0x0000023b   Thumb Code     0  startup_lpc17xx.o(.text)
    TIMER1_IRQHandler                        0x0000023b   Thumb Code     0  startup_lpc17xx.o(.text)
    TIMER2_IRQHandler                        0x0000023b   Thumb Code     0  startup_lpc17xx.o(.text)
    TIMER3_IRQHandler                        0x0000023b   Thumb Code     0  startup_lpc17xx.o(.text)
    UART2_IRQHandler                         0x0000023b   Thumb Code     0  startup_lpc17xx.o(.text)
    UART3_IRQHandler                         0x0000023b   Thumb Code     0  startup_lpc17xx.o(.text)
    USBActivity_IRQHandler                   0x0000023b   Thumb Code     0  startup_lpc17xx.o(.text)
    USB_IRQHandler                           0x0000023b   Thumb Code     0  startup_lpc17xx.o(.text)
    WDT_IRQHandler                           0x0000023b   Thumb Code     0  startup_lpc17xx.o(.text)
    rand                                     0x00000245   Thumb Code    20  rand.o(.text)
    srand                                    0x00000259   Thumb Code     6  rand.o(.text)
    __aeabi_memcpy                           0x00000269   Thumb Code    36  memcpya.o(.text)
    __aeabi_memcpy4                          0x00000269   Thumb Code     0  memcpya.o(.text)
    __aeabi_memcpy8                          0x00000269   Thumb Code     0  memcpya.o(.text)
    __aeabi_uidiv                            0x0000028d   Thumb Code     0  uidiv.o(.text)
    __aeabi_uidivmod                         0x0000028d   Thumb Code    44  uidiv.o(.text)
    __scatterload                            0x000002b9   Thumb Code    28  init.o(.text)
    __scatterload_rt2                        0x000002b9   Thumb Code     0  init.o(.text)
    SVC_Count                                0x000002dc   Data           4  svc_table.o(SVC_TABLE)
    Free                                     0x000002e1   Thumb Code     6  uart.o(i.Free)
    SVC_Table                                0x000002e0   Data           0  svc_table.o(SVC_TABLE)
    GLCD_SetBackColor                        0x000002e9   Thumb Code     6  glcd_spi_lpc1700.o(i.GLCD_SetBackColor)
    __scatterload_null                       0x000002f5   Thumb Code     2  handlers.o(i.__scatterload_null)
    os_idle_demon                            0x000002f7   Thumb Code     4  rtx_conf_cm.o(i.os_idle_demon)
    os_tick_irqack                           0x000002fb   Thumb Code     2  rt_system.o(i.os_tick_irqack)
    __decompress                             0x00000301   Thumb Code     0  __dclz77c.o(.text)
    __decompress2                            0x00000301   Thumb Code    94  __dclz77c.o(.text)
    FreeRcv                                  0x00000361   Thumb Code    28  uart.o(i.FreeRcv)
    FreeSnd                                  0x00000385   Thumb Code    28  uart.o(i.FreeSnd)
    GLCD_Bargraph                            0x000003a9   Thumb Code    98  glcd_spi_lpc1700.o(i.GLCD_Bargraph)
    GLCD_Bitmap                              0x00000411   Thumb Code    82  glcd_spi_lpc1700.o(i.GLCD_Bitmap)
    GLCD_Clear                               0x00000463   Thumb Code    42  glcd_spi_lpc1700.o(i.GLCD_Clear)
    __RL_RTX_VER                             0x00000482   Number         0  rt_system.o ABSOLUTE
    GLCD_DisplayChar                         0x0000048d   Thumb Code    84  glcd_spi_lpc1700.o(i.GLCD_DisplayChar)
    GLCD_DisplayString                       0x000004e9   Thumb Code    40  glcd_spi_lpc1700.o(i.GLCD_DisplayString)
    GLCD_DrawChar                            0x00000511   Thumb Code   150  glcd_spi_lpc1700.o(i.GLCD_DrawChar)
    GLCD_Init                                0x000005ad   Thumb Code  1506  glcd_spi_lpc1700.o(i.GLCD_Init)
    GLCD_SetTextColor                        0x00000b95   Thumb Code     6  glcd_spi_lpc1700.o(i.GLCD_SetTextColor)
    GLCD_SetWindow                           0x00000ba1   Thumb Code   168  glcd_spi_lpc1700.o(i.GLCD_SetWindow)
    GLCD_WindowMax                           0x00000c4d   Thumb Code    18  glcd_spi_lpc1700.o(i.GLCD_WindowMax)
    SystemInit                               0x00000c61   Thumb Code   302  system_lpc17xx.o(i.SystemInit)
    UART0_IRQHandler                         0x00000da1   Thumb Code    88  uart.o(i.UART0_IRQHandler)
    UART1_IRQHandler                         0x00000e09   Thumb Code    90  uart.o(i.UART1_IRQHandler)
    UARTInit                                 0x00000e79   Thumb Code   176  uart.o(i.UARTInit)
    UARTSendChar                             0x00000f35   Thumb Code    26  uart.o(i.UARTSendChar)
    __0printf$1                              0x00000f59   Thumb Code    22  printf1.o(i.__0printf$1)
    __1printf$1                              0x00000f59   Thumb Code     0  printf1.o(i.__0printf$1)
    __2printf                                0x00000f59   Thumb Code     0  printf1.o(i.__0printf$1)
    __0snprintf$1                            0x00000f79   Thumb Code    44  printf1.o(i.__0snprintf$1)
    __1snprintf$1                            0x00000f79   Thumb Code     0  printf1.o(i.__0snprintf$1)
    __2snprintf                              0x00000f79   Thumb Code     0  printf1.o(i.__0snprintf$1)
    __scatterload_copy                       0x00000fc3   Thumb Code    14  handlers.o(i.__scatterload_copy)
    __scatterload_zeroinit                   0x00000fd1   Thumb Code    14  handlers.o(i.__scatterload_zeroinit)
    _init_box                                0x00000fdf   Thumb Code    70  rt_membox.o(i._init_box)
    addOneBar                                0x0000118f   Thumb Code    54  lcd_display.o(i.addOneBar)
    collisionDetect                          0x000011c5   Thumb Code   376  gamelogic.o(i.collisionDetect)
    collisionDetectThread                    0x00001345   Thumb Code    26  main.o(i.collisionDetectThread)
    dbg_init                                 0x00001361   Thumb Code    34  hal_cm.o(i.dbg_init)
    dbg_task_notify                          0x00001391   Thumb Code    32  hal_cm.o(i.dbg_task_notify)
    dbg_task_switch                          0x000013b1   Thumb Code    16  hal_cm.o(i.dbg_task_switch)
    displayGameOver                          0x000013d1   Thumb Code   202  lcd_display.o(i.displayGameOver)
    displayLEDLives                          0x000014d1   Thumb Code   108  gamelogic.o(i.displayLEDLives)
    displayLifeLost                          0x00001541   Thumb Code   118  lcd_display.o(i.displayLifeLost)
    displayMainMenu                          0x000015fd   Thumb Code   210  lcd_display.o(i.displayMainMenu)
    drawOneBar                               0x00001705   Thumb Code   140  lcd_display.o(i.drawOneBar)
    fputc                                    0x00001795   Thumb Code    14  retarget.o(i.fputc)
    getFrequency                             0x000017a5   Thumb Code    62  uart.o(i.getFrequency)
    getNewObstacle                           0x000017ed   Thumb Code    32  lcd_display.o(i.getNewObstacle)
    gooseUpdate                              0x0000180d   Thumb Code    70  lcd_display.o(i.gooseUpdate)
    gooseUpdateThread                        0x0000185d   Thumb Code    38  main.o(i.gooseUpdateThread)
    initGame                                 0x00001885   Thumb Code    84  gamelogic.o(i.initGame)
    initLandscape                            0x000018dd   Thumb Code    70  lcd_display.o(i.initLandscape)
    isrMessageGet                            0x00001923   Thumb Code    42  rt_cmsis.o(i.isrMessageGet)
    isrMessagePut                            0x0000194d   Thumb Code    44  rt_cmsis.o(i.isrMessagePut)
    isr_mbx_receive                          0x00001979   Thumb Code    86  rt_mailbox.o(i.isr_mbx_receive)
    isr_mbx_send                             0x000019cf   Thumb Code    14  rt_mailbox.o(i.isr_mbx_send)
    joystickPoll                             0x000019dd   Thumb Code    42  pollingio.o(i.joystickPoll)
    joystickPollThread                       0x00001a0d   Thumb Code    26  main.o(i.joystickPollThread)
    landscapeUpdate                          0x00001a29   Thumb Code   642  lcd_display.o(i.landscapeUpdate)
    landscapeUpdateThread                    0x00001cb5   Thumb Code    32  main.o(i.landscapeUpdateThread)
    main                                     0x00001cd5   Thumb Code   100  main.o(i.main)
    malloc                                   0x00001d55   Thumb Code    92  malloc.o(i.malloc)
    osDelay                                  0x00001dc1   Thumb Code    18  rt_cmsis.o(i.osDelay)
    osKernelInitialize                       0x00001dd9   Thumb Code    30  rt_cmsis.o(i.osKernelInitialize)
    osKernelStart                            0x00001dfd   Thumb Code    98  rt_cmsis.o(i.osKernelStart)
    osMessageGet                             0x00001e69   Thumb Code    18  rt_cmsis.o(i.osMessageGet)
    osMutexCreate                            0x00001e81   Thumb Code    36  rt_cmsis.o(i.osMutexCreate)
    osMutexRelease                           0x00001ead   Thumb Code    18  rt_cmsis.o(i.osMutexRelease)
    osMutexWait                              0x00001ec5   Thumb Code    18  rt_cmsis.o(i.osMutexWait)
    osThreadCreate                           0x00001edd   Thumb Code    36  rt_cmsis.o(i.osThreadCreate)
    osThreadExit                             0x00001f09   Thumb Code    14  rt_cmsis.o(i.osThreadExit)
    osTimerCall                              0x00001f21   Thumb Code     8  rt_cmsis.o(i.osTimerCall)
    osTimerThread                            0x00001f2d   Thumb Code    38  rt_cmsis.o(i.osTimerThread)
    os_error                                 0x00001f59   Thumb Code    34  rtx_conf_cm.o(i.os_error)
    os_tick_init                             0x00001f7d   Thumb Code    32  rt_system.o(i.os_tick_init)
    returnRandom                             0x00002079   Thumb Code    20  lcd_display.o(i.returnRandom)
    rt_alloc_box                             0x0000208d   Thumb Code    26  rt_membox.o(i.rt_alloc_box)
    rt_alloc_mem                             0x000020a7   Thumb Code    62  rt_memory.o(i.rt_alloc_mem)
    rt_block                                 0x000020e5   Thumb Code    48  rt_task.o(i.rt_block)
    rt_chk_robin                             0x0000211d   Thumb Code    60  rt_robin.o(i.rt_chk_robin)
    rt_dec_dly                               0x00002165   Thumb Code   102  rt_list.o(i.rt_dec_dly)
    rt_dispatch                              0x000021d5   Thumb Code    60  rt_task.o(i.rt_dispatch)
    rt_dly_wait                              0x00002219   Thumb Code     6  rt_time.o(i.rt_dly_wait)
    rt_evt_psh                               0x00002221   Thumb Code    76  rt_event.o(i.rt_evt_psh)
    rt_free_box                              0x00002271   Thumb Code    44  rt_membox.o(i.rt_free_box)
    rt_free_mem                              0x0000229d   Thumb Code    40  rt_memory.o(i.rt_free_mem)
    rt_get_first                             0x000022c5   Thumb Code    40  rt_list.o(i.rt_get_first)
    rt_init_mem                              0x0000233d   Thumb Code    26  rt_memory.o(i.rt_init_mem)
    rt_init_robin                            0x00002359   Thumb Code    14  rt_robin.o(i.rt_init_robin)
    rt_init_stack                            0x00002371   Thumb Code   118  hal_cm.o(i.rt_init_stack)
    rt_mbx_check                             0x000023f1   Thumb Code     8  rt_mailbox.o(i.rt_mbx_check)
    rt_mbx_init                              0x000023f9   Thumb Code    26  rt_mailbox.o(i.rt_mbx_init)
    rt_mbx_psh                               0x00002415   Thumb Code   236  rt_mailbox.o(i.rt_mbx_psh)
    rt_mbx_wait                              0x00002505   Thumb Code   174  rt_mailbox.o(i.rt_mbx_wait)
    rt_mut_init                              0x000025fd   Thumb Code    16  rt_mutex.o(i.rt_mut_init)
    rt_mut_release                           0x0000260d   Thumb Code   208  rt_mutex.o(i.rt_mut_release)
    rt_mut_wait                              0x000026e5   Thumb Code   114  rt_mutex.o(i.rt_mut_wait)
    rt_pop_req                               0x0000275d   Thumb Code   112  rt_system.o(i.rt_pop_req)
    rt_psh_req                               0x000027d9   Thumb Code    22  rt_system.o(i.rt_psh_req)
    rt_psq_enq                               0x000027f9   Thumb Code    88  rt_list.o(i.rt_psq_enq)
    rt_put_dly                               0x00002855   Thumb Code    68  rt_list.o(i.rt_put_dly)
    rt_put_prio                              0x0000289d   Thumb Code    54  rt_list.o(i.rt_put_prio)
    rt_put_rdy_first                         0x000028d5   Thumb Code    14  rt_list.o(i.rt_put_rdy_first)
    rt_resort_prio                           0x000028e9   Thumb Code    46  rt_list.o(i.rt_resort_prio)
    rt_ret_val                               0x0000291d   Thumb Code     6  hal_cm.o(i.rt_ret_val)
    rt_ret_val2                              0x00002923   Thumb Code     8  hal_cm.o(i.rt_ret_val2)
    rt_rmv_dly                               0x0000292b   Thumb Code    40  rt_list.o(i.rt_rmv_dly)
    rt_rmv_list                              0x00002955   Thumb Code    44  rt_list.o(i.rt_rmv_list)
    rt_sem_psh                               0x00002985   Thumb Code    48  rt_semaphore.o(i.rt_sem_psh)
    rt_stk_check                             0x000029b9   Thumb Code    28  rt_system.o(i.rt_stk_check)
    rt_switch_req                            0x000029dd   Thumb Code    30  rt_task.o(i.rt_switch_req)
    rt_sys_init                              0x00002a05   Thumb Code   138  rt_task.o(i.rt_sys_init)
    rt_sys_start                             0x00002ad1   Thumb Code   110  rt_task.o(i.rt_sys_start)
    rt_systick                               0x00002b49   Thumb Code    50  rt_system.o(i.rt_systick)
    rt_tsk_create                            0x00002bd1   Thumb Code   118  rt_task.o(i.rt_tsk_create)
    rt_tsk_delete                            0x00002c59   Thumb Code   352  rt_task.o(i.rt_tsk_delete)
    rt_tsk_prio                              0x00002dd5   Thumb Code   108  rt_task.o(i.rt_tsk_prio)
    rt_tsk_self                              0x00002e51   Thumb Code    12  rt_task.o(i.rt_tsk_self)
    sendchar                                 0x00002e61   Thumb Code    64  retarget.o(i.sendchar)
    svcDelay                                 0x00002f45   Thumb Code    18  rt_cmsis.o(i.svcDelay)
    svcKernelInitialize                      0x00002f59   Thumb Code    80  rt_cmsis.o(i.svcKernelInitialize)
    svcKernelStart                           0x00002fc9   Thumb Code    62  rt_cmsis.o(i.svcKernelStart)
    svcMessageCreate                         0x00003011   Thumb Code    36  rt_cmsis.o(i.svcMessageCreate)
    svcMessageGet                            0x00003035   Thumb Code    58  rt_cmsis.o(i.svcMessageGet)
    svcMutexCreate                           0x0000306f   Thumb Code    28  rt_cmsis.o(i.svcMutexCreate)
    svcMutexRelease                          0x0000308b   Thumb Code    34  rt_cmsis.o(i.svcMutexRelease)
    svcMutexWait                             0x000030ad   Thumb Code    58  rt_cmsis.o(i.svcMutexWait)
    svcThreadCreate                          0x000030e9   Thumb Code    96  rt_cmsis.o(i.svcThreadCreate)
    svcThreadGetId                           0x00003155   Thumb Code    22  rt_cmsis.o(i.svcThreadGetId)
    svcThreadTerminate                       0x00003171   Thumb Code    50  rt_cmsis.o(i.svcThreadTerminate)
    svcTimerCall                             0x000031a9   Thumb Code    24  rt_cmsis.o(i.svcTimerCall)
    sysTimerTick                             0x000031c1   Thumb Code    84  rt_cmsis.o(i.sysTimerTick)
    Font_6x8_h                               0x000032b4   Data         896  glcd_spi_lpc1700.o(.constdata)
    Font_16x24_h                             0x00003634   Data        5376  glcd_spi_lpc1700.o(.constdata)
    os_mutex_def_LCDMutex                    0x00004b34   Data           4  main.o(.constdata)
    os_thread_def_landscapeUpdateThread      0x00004b38   Data          16  main.o(.constdata)
    os_thread_def_gooseUpdateThread          0x00004b48   Data          16  main.o(.constdata)
    os_thread_def_joystickPollThread         0x00004b58   Data          16  main.o(.constdata)
    os_thread_def_collisionDetectThread      0x00004b68   Data          16  main.o(.constdata)
    os_maxtaskrun                            0x00004b78   Data           2  rtx_conf_cm.o(.constdata)
    os_stackinfo                             0x00004b7c   Data           4  rtx_conf_cm.o(.constdata)
    os_rrobin                                0x00004b80   Data           4  rtx_conf_cm.o(.constdata)
    os_tickfreq                              0x00004b84   Data           4  rtx_conf_cm.o(.constdata)
    os_tickus_i                              0x00004b88   Data           2  rtx_conf_cm.o(.constdata)
    os_tickus_f                              0x00004b8a   Data           2  rtx_conf_cm.o(.constdata)
    os_trv                                   0x00004b8c   Data           4  rtx_conf_cm.o(.constdata)
    os_flags                                 0x00004b90   Data           1  rtx_conf_cm.o(.constdata)
    CMSIS_RTOS_API_Version                   0x00004b94   Data           4  rtx_conf_cm.o(.constdata)
    CMSIS_RTOS_RTX_Version                   0x00004b98   Data           4  rtx_conf_cm.o(.constdata)
    os_clockrate                             0x00004b9c   Data           4  rtx_conf_cm.o(.constdata)
    os_timernum                              0x00004ba0   Data           4  rtx_conf_cm.o(.constdata)
    mp_tcb_size                              0x00004ba4   Data           2  rtx_conf_cm.o(.constdata)
    mp_stk_size                              0x00004ba8   Data           4  rtx_conf_cm.o(.constdata)
    os_stack_sz                              0x00004bac   Data           4  rtx_conf_cm.o(.constdata)
    os_fifo_size                             0x00004bb0   Data           1  rtx_conf_cm.o(.constdata)
    os_thread_def_osTimerThread              0x00004bb4   Data          16  rtx_conf_cm.o(.constdata)
    os_messageQ_def_osTimerMessageQ          0x00004bc4   Data           8  rtx_conf_cm.o(.constdata)
    mp_tmr_size                              0x00004bcc   Data           2  rtx_conf_cm.o(.constdata)
    os_thread_def_main                       0x00004bd0   Data          16  rtx_conf_cm.o(.constdata)
    Region$$Table$$Base                      0x00004be0   Number         0  anon$$obj.o(Region$$Table)
    Region$$Table$$Limit                     0x00004c00   Number         0  anon$$obj.o(Region$$Table)
    uart_init_called                         0x10000008   Data           1  retarget.o(.data)
    __stdout                                 0x1000000c   Data           4  retarget.o(.data)
    __stdin                                  0x10000010   Data           4  retarget.o(.data)
    ITM_RxBuffer                             0x10000014   Data           4  uart.o(.data)
    UART0Status                              0x10000018   Data           4  uart.o(.data)
    UART1Status                              0x1000001c   Data           4  uart.o(.data)
    UART0TxEmpty                             0x10000020   Data           1  uart.o(.data)
    UART1TxEmpty                             0x10000021   Data           1  uart.o(.data)
    UART0Count                               0x10000024   Data           4  uart.o(.data)
    UART1Count                               0x10000028   Data           4  uart.o(.data)
    RcvLock0                                 0x1000002c   Data           1  uart.o(.data)
    SndLock0                                 0x1000002d   Data           1  uart.o(.data)
    RcvLock1                                 0x1000002e   Data           1  uart.o(.data)
    SndLock1                                 0x1000002f   Data           1  uart.o(.data)
    i                                        0x10000030   Data           4  uart.o(.data)
    LCDMutexId                               0x10000034   Data           4  main.o(.data)
    GOOSEMAP                                 0x10000038   Data        2584  graphics.o(.data)
    GOOSE_CLR                                0x10000a50   Data        2584  graphics.o(.data)
    osThreadId_osTimerThread                 0x10001468   Data           4  rtx_conf_cm.o(.data)
    osMessageQId_osTimerMessageQ             0x1000146c   Data           4  rtx_conf_cm.o(.data)
    os_tmr                                   0x10001470   Data           4  rtx_conf_cm.o(.data)
    m_tmr                                    0x10001474   Data           4  rtx_conf_cm.o(.data)
    SystemCoreClock                          0x10001478   Data           4  system_lpc17xx.o(.data)
    os_initialized                           0x1000147c   Data           1  rt_cmsis.o(.data)
    os_running                               0x1000147d   Data           1  rt_cmsis.o(.data)
    os_timer_head                            0x10001480   Data           4  rt_cmsis.o(.data)
    os_tsk                                   0x10001484   Data           8  rt_task.o(.data)
    os_tick_irqn                             0x10001490   Data           4  rt_system.o(.data)
    os_time                                  0x10001494   Data           4  rt_time.o(.data)
    dbg_msg                                  0x10001498   Data           1  hal_cm.o(.data)
    os_robin                                 0x1000149c   Data           8  rt_robin.o(.data)
    __microlib_freelist                      0x100014a8   Data           4  mvars.o(.data)
    __microlib_freelist_initialised          0x100014ac   Data           4  mvars.o(.data)
    UART0Buffer                              0x100014b0   Data          64  uart.o(.bss)
    UART1Buffer                              0x100014f0   Data          64  uart.o(.bss)
    os_mutex_cb_LCDMutex                     0x10001530   Data          16  main.o(.bss)
    mp_tcb                                   0x10001540   Data         376  rtx_conf_cm.o(.bss)
    mp_stk                                   0x100016b8   Data        3088  rtx_conf_cm.o(.bss)
    os_stack_mem                             0x100022c8   Data         744  rtx_conf_cm.o(.bss)
    os_fifo                                  0x100025b0   Data         132  rtx_conf_cm.o(.bss)
    os_active_TCB                            0x10002634   Data          28  rtx_conf_cm.o(.bss)
    os_messageQ_q_osTimerMessageQ            0x10002650   Data          32  rtx_conf_cm.o(.bss)
    os_idle_TCB                              0x10002670   Data          52  rt_task.o(.bss)
    os_rdy                                   0x100026a4   Data          24  rt_list.o(.bss)
    os_dly                                   0x100026bc   Data          24  rt_list.o(.bss)
    __heap_base                              0x100026d8   Data           0  startup_lpc17xx.o(HEAP)
    __heap_limit                             0x100046d8   Data           0  startup_lpc17xx.o(HEAP)
    __initial_sp                             0x100066d8   Data           0  startup_lpc17xx.o(STACK)



==============================================================================

Memory Map of the image

  Image Entry point : 0x00000221

  Load Region LR_1 (Base: 0x00000000, Size: 0x000060b0, Max: 0xffffffff, ABSOLUTE, COMPRESSED[0x00004d14])

    Execution Region ER_RO (Exec base: 0x00000000, Load base: 0x00000000, Size: 0x00004c00, Max: 0xffffffff, ABSOLUTE)

    Exec Addr    Load Addr    Size         Type   Attr      Idx    E Section Name        Object

    0x00000000   0x00000000   0x000000cc   Data   RO          679    RESET               startup_lpc17xx.o
    0x000000cc   0x000000cc   0x00000000   Code   RO         1938  * .ARM.Collect$$$$00000000  mc_w.l(entry.o)
    0x000000cc   0x000000cc   0x00000004   Code   RO         2239    .ARM.Collect$$$$00000001  mc_w.l(entry2.o)
    0x000000d0   0x000000d0   0x00000004   Code   RO         2242    .ARM.Collect$$$$00000004  mc_w.l(entry5.o)
    0x000000d4   0x000000d4   0x00000000   Code   RO         2244    .ARM.Collect$$$$00000008  mc_w.l(entry7b.o)
    0x000000d4   0x000000d4   0x00000000   Code   RO         2246    .ARM.Collect$$$$0000000A  mc_w.l(entry8b.o)
    0x000000d4   0x000000d4   0x00000000   Code   RO         2247    .ARM.Collect$$$$0000000D  mc_w.l(entry10a.o)
    0x000000d4   0x000000d4   0x00000000   Code   RO         2249    .ARM.Collect$$$$0000000F  mc_w.l(entry11a.o)
    0x000000d4   0x000000d4   0x00000018   Code   RO          639    .ARM.Collect$$$$000000FF  rtx_conf_cm.o
    0x000000ec   0x000000ec   0x00000004   Code   RO         2240    .ARM.Collect$$$$00002712  mc_w.l(entry2.o)
    0x000000f0   0x000000f0   0x00000130   Code   RO         1925    .emb_text           RTX_CM3.lib(hal_cm3.o)
    0x00000220   0x00000220   0x00000024   Code   RO          681  * .text               startup_lpc17xx.o
    0x00000244   0x00000244   0x00000024   Code   RO         1943    .text               mc_w.l(rand.o)
    0x00000268   0x00000268   0x00000024   Code   RO         1946    .text               mc_w.l(memcpya.o)
    0x0000028c   0x0000028c   0x0000002c   Code   RO         2251    .text               mc_w.l(uidiv.o)
    0x000002b8   0x000002b8   0x00000024   Code   RO         2270    .text               mc_w.l(init.o)
    0x000002dc   0x000002dc   0x00000004   Code   RO         1935    SVC_TABLE           RTX_CM3.lib(svc_table.o)
    0x000002e0   0x000002e0   0x00000006   Code   RO          279    i.Free              uart.o
    0x000002e6   0x000002e6   0x00000002   PAD
    0x000002e8   0x000002e8   0x0000000c   Code   RO           14    i.GLCD_SetBackColor  glcd_spi_lpc1700.o
    0x000002f4   0x000002f4   0x00000002   Code   RO         2279    i.__scatterload_null  mc_w.l(handlers.o)
    0x000002f6   0x000002f6   0x00000004   Code   RO          641    i.os_idle_demon     rtx_conf_cm.o
    0x000002fa   0x000002fa   0x00000002   Code   RO         1438    i.os_tick_irqack    RTX_CM3.lib(rt_system.o)
    0x000002fc   0x000002fc   0x00000004   Code   RO          680    .ARM.__at_0x02FC    startup_lpc17xx.o
    0x00000300   0x00000300   0x0000005e   Code   RO         2284    .text               mc_w.l(__dclz77c.o)
    0x0000035e   0x0000035e   0x00000002   PAD
    0x00000360   0x00000360   0x00000024   Code   RO          280    i.FreeRcv           uart.o
    0x00000384   0x00000384   0x00000024   Code   RO          281    i.FreeSnd           uart.o
    0x000003a8   0x000003a8   0x00000068   Code   RO            4    i.GLCD_Bargraph     glcd_spi_lpc1700.o
    0x00000410   0x00000410   0x00000052   Code   RO            5    i.GLCD_Bitmap       glcd_spi_lpc1700.o
    0x00000462   0x00000462   0x0000002a   Code   RO            6    i.GLCD_Clear        glcd_spi_lpc1700.o
    0x0000048c   0x0000048c   0x0000005c   Code   RO            8    i.GLCD_DisplayChar  glcd_spi_lpc1700.o
    0x000004e8   0x000004e8   0x00000028   Code   RO            9    i.GLCD_DisplayString  glcd_spi_lpc1700.o
    0x00000510   0x00000510   0x0000009c   Code   RO           10    i.GLCD_DrawChar     glcd_spi_lpc1700.o
    0x000005ac   0x000005ac   0x000005e8   Code   RO           11    i.GLCD_Init         glcd_spi_lpc1700.o
    0x00000b94   0x00000b94   0x0000000c   Code   RO           15    i.GLCD_SetTextColor  glcd_spi_lpc1700.o
    0x00000ba0   0x00000ba0   0x000000ac   Code   RO           16    i.GLCD_SetWindow    glcd_spi_lpc1700.o
    0x00000c4c   0x00000c4c   0x00000012   Code   RO           17    i.GLCD_WindowMax    glcd_spi_lpc1700.o
    0x00000c5e   0x00000c5e   0x00000002   PAD
    0x00000c60   0x00000c60   0x00000140   Code   RO          691    i.SystemInit        system_lpc17xx.o
    0x00000da0   0x00000da0   0x00000068   Code   RO          285    i.UART0_IRQHandler  uart.o
    0x00000e08   0x00000e08   0x00000070   Code   RO          286    i.UART1_IRQHandler  uart.o
    0x00000e78   0x00000e78   0x000000bc   Code   RO          287    i.UARTInit          uart.o
    0x00000f34   0x00000f34   0x00000024   Code   RO          291    i.UARTSendChar      uart.o
    0x00000f58   0x00000f58   0x00000020   Code   RO         1995    i.__0printf$1       mc_w.l(printf1.o)
    0x00000f78   0x00000f78   0x00000030   Code   RO         1996    i.__0snprintf$1     mc_w.l(printf1.o)
    0x00000fa8   0x00000fa8   0x0000001a   Code   RO          292    i.__NVIC_EnableIRQ  uart.o
    0x00000fc2   0x00000fc2   0x0000000e   Code   RO         2278    i.__scatterload_copy  mc_w.l(handlers.o)
    0x00000fd0   0x00000fd0   0x0000000e   Code   RO         2280    i.__scatterload_zeroinit  mc_w.l(handlers.o)
    0x00000fde   0x00000fde   0x00000046   Code   RO         1803    i._init_box         RTX_CM3.lib(rt_membox.o)
    0x00001024   0x00001024   0x00000154   Code   RO         2002    i._printf_core      mc_w.l(printf1.o)
    0x00001178   0x00001178   0x00000016   Code   RO         2003    i._snputc           mc_w.l(printf1.o)
    0x0000118e   0x0000118e   0x00000036   Code   RO          539    i.addOneBar         lcd_display.o
    0x000011c4   0x000011c4   0x00000180   Code   RO          502    i.collisionDetect   gamelogic.o
    0x00001344   0x00001344   0x0000001a   Code   RO          393    i.collisionDetectThread  main.o
    0x0000135e   0x0000135e   0x00000002   PAD
    0x00001360   0x00001360   0x00000030   Code   RO         1856    i.dbg_init          RTX_CM3.lib(hal_cm.o)
    0x00001390   0x00001390   0x00000020   Code   RO         1857    i.dbg_task_notify   RTX_CM3.lib(hal_cm.o)
    0x000013b0   0x000013b0   0x00000010   Code   RO         1858    i.dbg_task_switch   RTX_CM3.lib(hal_cm.o)
    0x000013c0   0x000013c0   0x0000000e   Code   RO           20    i.delay             glcd_spi_lpc1700.o
    0x000013ce   0x000013ce   0x00000002   PAD
    0x000013d0   0x000013d0   0x00000100   Code   RO          540    i.displayGameOver   lcd_display.o
    0x000014d0   0x000014d0   0x00000070   Code   RO          503    i.displayLEDLives   gamelogic.o
    0x00001540   0x00001540   0x000000bc   Code   RO          541    i.displayLifeLost   lcd_display.o
    0x000015fc   0x000015fc   0x00000108   Code   RO          542    i.displayMainMenu   lcd_display.o
    0x00001704   0x00001704   0x00000090   Code   RO          543    i.drawOneBar        lcd_display.o
    0x00001794   0x00001794   0x0000000e   Code   RO          216    i.fputc             retarget.o
    0x000017a2   0x000017a2   0x00000002   PAD
    0x000017a4   0x000017a4   0x00000048   Code   RO          293    i.getFrequency      uart.o
    0x000017ec   0x000017ec   0x00000020   Code   RO          544    i.getNewObstacle    lcd_display.o
    0x0000180c   0x0000180c   0x00000050   Code   RO          545    i.gooseUpdate       lcd_display.o
    0x0000185c   0x0000185c   0x00000026   Code   RO          394    i.gooseUpdateThread  main.o
    0x00001882   0x00001882   0x00000002   PAD
    0x00001884   0x00001884   0x00000058   Code   RO          504    i.initGame          gamelogic.o
    0x000018dc   0x000018dc   0x00000046   Code   RO          546    i.initLandscape     lcd_display.o
    0x00001922   0x00001922   0x0000002a   Code   RO          733    i.isrMessageGet     RTX_CM3.lib(rt_cmsis.o)
    0x0000194c   0x0000194c   0x0000002c   Code   RO          734    i.isrMessagePut     RTX_CM3.lib(rt_cmsis.o)
    0x00001978   0x00001978   0x00000056   Code   RO         1649    i.isr_mbx_receive   RTX_CM3.lib(rt_mailbox.o)
    0x000019ce   0x000019ce   0x0000000e   Code   RO         1650    i.isr_mbx_send      RTX_CM3.lib(rt_mailbox.o)
    0x000019dc   0x000019dc   0x00000030   Code   RO          475    i.joystickPoll      pollingio.o
    0x00001a0c   0x00001a0c   0x0000001a   Code   RO          395    i.joystickPollThread  main.o
    0x00001a26   0x00001a26   0x00000002   PAD
    0x00001a28   0x00001a28   0x0000028c   Code   RO          547    i.landscapeUpdate   lcd_display.o
    0x00001cb4   0x00001cb4   0x00000020   Code   RO          396    i.landscapeUpdateThread  main.o
    0x00001cd4   0x00001cd4   0x00000080   Code   RO          397    i.main              main.o
    0x00001d54   0x00001d54   0x0000006c   Code   RO         2212    i.malloc            mc_w.l(malloc.o)
    0x00001dc0   0x00001dc0   0x00000018   Code   RO          737    i.osDelay           RTX_CM3.lib(rt_cmsis.o)
    0x00001dd8   0x00001dd8   0x00000024   Code   RO          738    i.osKernelInitialize  RTX_CM3.lib(rt_cmsis.o)
    0x00001dfc   0x00001dfc   0x0000006c   Code   RO          740    i.osKernelStart     RTX_CM3.lib(rt_cmsis.o)
    0x00001e68   0x00001e68   0x00000018   Code   RO          749    i.osMessageGet      RTX_CM3.lib(rt_cmsis.o)
    0x00001e80   0x00001e80   0x0000002c   Code   RO          751    i.osMutexCreate     RTX_CM3.lib(rt_cmsis.o)
    0x00001eac   0x00001eac   0x00000018   Code   RO          753    i.osMutexRelease    RTX_CM3.lib(rt_cmsis.o)
    0x00001ec4   0x00001ec4   0x00000018   Code   RO          754    i.osMutexWait       RTX_CM3.lib(rt_cmsis.o)
    0x00001edc   0x00001edc   0x0000002c   Code   RO          766    i.osThreadCreate    RTX_CM3.lib(rt_cmsis.o)
    0x00001f08   0x00001f08   0x00000018   Code   RO          767    i.osThreadExit      RTX_CM3.lib(rt_cmsis.o)
    0x00001f20   0x00001f20   0x0000000c   Code   RO          773    i.osTimerCall       RTX_CM3.lib(rt_cmsis.o)
    0x00001f2c   0x00001f2c   0x0000002c   Code   RO          778    i.osTimerThread     RTX_CM3.lib(rt_cmsis.o)
    0x00001f58   0x00001f58   0x00000022   Code   RO          640    i.os_error          rtx_conf_cm.o
    0x00001f7a   0x00001f7a   0x00000002   PAD
    0x00001f7c   0x00001f7c   0x00000028   Code   RO         1437    i.os_tick_init      RTX_CM3.lib(rt_system.o)
    0x00001fa4   0x00001fa4   0x0000008c   Code   RO           21    i.rd_id_man         glcd_spi_lpc1700.o
    0x00002030   0x00002030   0x00000048   Code   RO           22    i.rd_reg            glcd_spi_lpc1700.o
    0x00002078   0x00002078   0x00000014   Code   RO          548    i.returnRandom      lcd_display.o
    0x0000208c   0x0000208c   0x0000001a   Code   RO         1804    i.rt_alloc_box      RTX_CM3.lib(rt_membox.o)
    0x000020a6   0x000020a6   0x0000003e   Code   RO         1832    i.rt_alloc_mem      RTX_CM3.lib(rt_memory.o)
    0x000020e4   0x000020e4   0x00000038   Code   RO         1352    i.rt_block          RTX_CM3.lib(rt_task.o)
    0x0000211c   0x0000211c   0x00000048   Code   RO         1904    i.rt_chk_robin      RTX_CM3.lib(rt_robin.o)
    0x00002164   0x00002164   0x00000070   Code   RO         1573    i.rt_dec_dly        RTX_CM3.lib(rt_list.o)
    0x000021d4   0x000021d4   0x00000044   Code   RO         1353    i.rt_dispatch       RTX_CM3.lib(rt_task.o)
    0x00002218   0x00002218   0x00000006   Code   RO         1739    i.rt_dly_wait       RTX_CM3.lib(rt_time.o)
    0x0000221e   0x0000221e   0x00000002   PAD
    0x00002220   0x00002220   0x00000050   Code   RO         1530    i.rt_evt_psh        RTX_CM3.lib(rt_event.o)
    0x00002270   0x00002270   0x0000002c   Code   RO         1805    i.rt_free_box       RTX_CM3.lib(rt_membox.o)
    0x0000229c   0x0000229c   0x00000028   Code   RO         1833    i.rt_free_mem       RTX_CM3.lib(rt_memory.o)
    0x000022c4   0x000022c4   0x00000028   Code   RO         1574    i.rt_get_first      RTX_CM3.lib(rt_list.o)
    0x000022ec   0x000022ec   0x00000008   Code   RO          783    i.rt_id2obj         RTX_CM3.lib(rt_cmsis.o)
    0x000022f4   0x000022f4   0x00000048   Code   RO         1354    i.rt_init_context   RTX_CM3.lib(rt_task.o)
    0x0000233c   0x0000233c   0x0000001a   Code   RO         1834    i.rt_init_mem       RTX_CM3.lib(rt_memory.o)
    0x00002356   0x00002356   0x00000002   PAD
    0x00002358   0x00002358   0x00000018   Code   RO         1905    i.rt_init_robin     RTX_CM3.lib(rt_robin.o)
    0x00002370   0x00002370   0x00000080   Code   RO         1859    i.rt_init_stack     RTX_CM3.lib(hal_cm.o)
    0x000023f0   0x000023f0   0x00000008   Code   RO         1651    i.rt_mbx_check      RTX_CM3.lib(rt_mailbox.o)
    0x000023f8   0x000023f8   0x0000001a   Code   RO         1652    i.rt_mbx_init       RTX_CM3.lib(rt_mailbox.o)
    0x00002412   0x00002412   0x00000002   PAD
    0x00002414   0x00002414   0x000000f0   Code   RO         1653    i.rt_mbx_psh        RTX_CM3.lib(rt_mailbox.o)
    0x00002504   0x00002504   0x000000b4   Code   RO         1655    i.rt_mbx_wait       RTX_CM3.lib(rt_mailbox.o)
    0x000025b8   0x000025b8   0x00000044   Code   RO          784    i.rt_ms2tick        RTX_CM3.lib(rt_cmsis.o)
    0x000025fc   0x000025fc   0x00000010   Code   RO         1773    i.rt_mut_init       RTX_CM3.lib(rt_mutex.o)
    0x0000260c   0x0000260c   0x000000d8   Code   RO         1774    i.rt_mut_release    RTX_CM3.lib(rt_mutex.o)
    0x000026e4   0x000026e4   0x00000078   Code   RO         1775    i.rt_mut_wait       RTX_CM3.lib(rt_mutex.o)
    0x0000275c   0x0000275c   0x0000007c   Code   RO         1441    i.rt_pop_req        RTX_CM3.lib(rt_system.o)
    0x000027d8   0x000027d8   0x00000020   Code   RO         1442    i.rt_psh_req        RTX_CM3.lib(rt_system.o)
    0x000027f8   0x000027f8   0x0000005c   Code   RO         1576    i.rt_psq_enq        RTX_CM3.lib(rt_list.o)
    0x00002854   0x00002854   0x00000048   Code   RO         1577    i.rt_put_dly        RTX_CM3.lib(rt_list.o)
    0x0000289c   0x0000289c   0x00000036   Code   RO         1578    i.rt_put_prio       RTX_CM3.lib(rt_list.o)
    0x000028d2   0x000028d2   0x00000002   PAD
    0x000028d4   0x000028d4   0x00000014   Code   RO         1579    i.rt_put_rdy_first  RTX_CM3.lib(rt_list.o)
    0x000028e8   0x000028e8   0x00000034   Code   RO         1580    i.rt_resort_prio    RTX_CM3.lib(rt_list.o)
    0x0000291c   0x0000291c   0x00000006   Code   RO         1860    i.rt_ret_val        RTX_CM3.lib(hal_cm.o)
    0x00002922   0x00002922   0x00000008   Code   RO         1861    i.rt_ret_val2       RTX_CM3.lib(hal_cm.o)
    0x0000292a   0x0000292a   0x00000028   Code   RO         1581    i.rt_rmv_dly        RTX_CM3.lib(rt_list.o)
    0x00002952   0x00002952   0x00000002   PAD
    0x00002954   0x00002954   0x00000030   Code   RO         1582    i.rt_rmv_list       RTX_CM3.lib(rt_list.o)
    0x00002984   0x00002984   0x00000034   Code   RO         1700    i.rt_sem_psh        RTX_CM3.lib(rt_semaphore.o)
    0x000029b8   0x000029b8   0x00000024   Code   RO         1444    i.rt_stk_check      RTX_CM3.lib(rt_system.o)
    0x000029dc   0x000029dc   0x00000028   Code   RO         1355    i.rt_switch_req     RTX_CM3.lib(rt_task.o)
    0x00002a04   0x00002a04   0x000000cc   Code   RO         1356    i.rt_sys_init       RTX_CM3.lib(rt_task.o)
    0x00002ad0   0x00002ad0   0x00000078   Code   RO         1357    i.rt_sys_start      RTX_CM3.lib(rt_task.o)
    0x00002b48   0x00002b48   0x00000040   Code   RO         1446    i.rt_systick        RTX_CM3.lib(rt_system.o)
    0x00002b88   0x00002b88   0x00000012   Code   RO          785    i.rt_tid2ptcb       RTX_CM3.lib(rt_cmsis.o)
    0x00002b9a   0x00002b9a   0x00000002   PAD
    0x00002b9c   0x00002b9c   0x00000034   Code   RO          786    i.rt_timer_insert   RTX_CM3.lib(rt_cmsis.o)
    0x00002bd0   0x00002bd0   0x00000088   Code   RO         1358    i.rt_tsk_create     RTX_CM3.lib(rt_task.o)
    0x00002c58   0x00002c58   0x0000017c   Code   RO         1359    i.rt_tsk_delete     RTX_CM3.lib(rt_task.o)
    0x00002dd4   0x00002dd4   0x0000007c   Code   RO         1361    i.rt_tsk_prio       RTX_CM3.lib(rt_task.o)
    0x00002e50   0x00002e50   0x00000010   Code   RO         1362    i.rt_tsk_self       RTX_CM3.lib(rt_task.o)
    0x00002e60   0x00002e60   0x00000044   Code   RO          218    i.sendchar          retarget.o
    0x00002ea4   0x00002ea4   0x00000020   Code   RO           23    i.spi_tran          glcd_spi_lpc1700.o
    0x00002ec4   0x00002ec4   0x00000080   Code   RO           24    i.spi_tran_man      glcd_spi_lpc1700.o
    0x00002f44   0x00002f44   0x00000012   Code   RO          788    i.svcDelay          RTX_CM3.lib(rt_cmsis.o)
    0x00002f56   0x00002f56   0x00000002   PAD
    0x00002f58   0x00002f58   0x00000070   Code   RO          789    i.svcKernelInitialize  RTX_CM3.lib(rt_cmsis.o)
    0x00002fc8   0x00002fc8   0x00000048   Code   RO          791    i.svcKernelStart    RTX_CM3.lib(rt_cmsis.o)
    0x00003010   0x00003010   0x00000024   Code   RO          794    i.svcMessageCreate  RTX_CM3.lib(rt_cmsis.o)
    0x00003034   0x00003034   0x0000003a   Code   RO          795    i.svcMessageGet     RTX_CM3.lib(rt_cmsis.o)
    0x0000306e   0x0000306e   0x0000001c   Code   RO          797    i.svcMutexCreate    RTX_CM3.lib(rt_cmsis.o)
    0x0000308a   0x0000308a   0x00000022   Code   RO          799    i.svcMutexRelease   RTX_CM3.lib(rt_cmsis.o)
    0x000030ac   0x000030ac   0x0000003a   Code   RO          800    i.svcMutexWait      RTX_CM3.lib(rt_cmsis.o)
    0x000030e6   0x000030e6   0x00000002   PAD
    0x000030e8   0x000030e8   0x0000006c   Code   RO          809    i.svcThreadCreate   RTX_CM3.lib(rt_cmsis.o)
    0x00003154   0x00003154   0x0000001c   Code   RO          810    i.svcThreadGetId    RTX_CM3.lib(rt_cmsis.o)
    0x00003170   0x00003170   0x00000038   Code   RO          813    i.svcThreadTerminate  RTX_CM3.lib(rt_cmsis.o)
    0x000031a8   0x000031a8   0x00000018   Code   RO          815    i.svcTimerCall      RTX_CM3.lib(rt_cmsis.o)
    0x000031c0   0x000031c0   0x0000005c   Code   RO          824    i.sysTimerTick      RTX_CM3.lib(rt_cmsis.o)
    0x0000321c   0x0000321c   0x00000028   Code   RO           25    i.wr_cmd            glcd_spi_lpc1700.o
    0x00003244   0x00003244   0x00000028   Code   RO           26    i.wr_dat            glcd_spi_lpc1700.o
    0x0000326c   0x0000326c   0x00000012   Code   RO           27    i.wr_dat_only       glcd_spi_lpc1700.o
    0x0000327e   0x0000327e   0x00000002   PAD
    0x00003280   0x00003280   0x00000014   Code   RO           28    i.wr_dat_start      glcd_spi_lpc1700.o
    0x00003294   0x00003294   0x0000000c   Code   RO           29    i.wr_dat_stop       glcd_spi_lpc1700.o
    0x000032a0   0x000032a0   0x00000014   Code   RO           30    i.wr_reg            glcd_spi_lpc1700.o
    0x000032b4   0x000032b4   0x00001880   Data   RO           31    .constdata          glcd_spi_lpc1700.o
    0x00004b34   0x00004b34   0x00000044   Data   RO          399    .constdata          main.o
    0x00004b78   0x00004b78   0x00000068   Data   RO          643    .constdata          rtx_conf_cm.o
    0x00004be0   0x00004be0   0x00000020   Data   RO         2276    Region$$Table       anon$$obj.o


    Execution Region ER_RW (Exec base: 0x10000000, Load base: 0x00004c00, Size: 0x000014b0, Max: 0xffffffff, ABSOLUTE, COMPRESSED[0x00000114])

    Exec Addr    Load Addr    Size         Type   Attr      Idx    E Section Name        Object

    0x10000000   COMPRESSED   0x00000005   Data   RW           32    .data               glcd_spi_lpc1700.o
    0x10000005   COMPRESSED   0x00000003   PAD
    0x10000008   COMPRESSED   0x0000000c   Data   RW          219    .data               retarget.o
    0x10000014   COMPRESSED   0x00000020   Data   RW          295    .data               uart.o
    0x10000034   COMPRESSED   0x00000004   Data   RW          400    .data               main.o
    0x10000038   COMPRESSED   0x00001430   Data   RW          618    .data               graphics.o
    0x10001468   COMPRESSED   0x00000010   Data   RW          644    .data               rtx_conf_cm.o
    0x10001478   COMPRESSED   0x00000004   Data   RW          692    .data               system_lpc17xx.o
    0x1000147c   COMPRESSED   0x00000008   Data   RW          827    .data               RTX_CM3.lib(rt_cmsis.o)
    0x10001484   COMPRESSED   0x00000008   Data   RW         1364    .data               RTX_CM3.lib(rt_task.o)
    0x1000148c   COMPRESSED   0x00000008   Data   RW         1449    .data               RTX_CM3.lib(rt_system.o)
    0x10001494   COMPRESSED   0x00000004   Data   RW         1743    .data               RTX_CM3.lib(rt_time.o)
    0x10001498   COMPRESSED   0x00000001   Data   RW         1862    .data               RTX_CM3.lib(hal_cm.o)
    0x10001499   COMPRESSED   0x00000003   PAD
    0x1000149c   COMPRESSED   0x00000008   Data   RW         1906    .data               RTX_CM3.lib(rt_robin.o)
    0x100014a4   COMPRESSED   0x00000004   Data   RW         1944    .data               mc_w.l(rand.o)
    0x100014a8   COMPRESSED   0x00000004   Data   RW         2257    .data               mc_w.l(mvars.o)
    0x100014ac   COMPRESSED   0x00000004   Data   RW         2258    .data               mc_w.l(mvars.o)


    Execution Region ER_ZI (Exec base: 0x100014b0, Load base: 0x00004d14, Size: 0x00005228, Max: 0xffffffff, ABSOLUTE)

    Exec Addr    Load Addr    Size         Type   Attr      Idx    E Section Name        Object

    0x100014b0        -       0x00000080   Zero   RW          294    .bss                uart.o
    0x10001530        -       0x00000010   Zero   RW          398    .bss                main.o
    0x10001540        -       0x00001130   Zero   RW          642    .bss                rtx_conf_cm.o
    0x10002670        -       0x00000034   Zero   RW         1363    .bss                RTX_CM3.lib(rt_task.o)
    0x100026a4        -       0x00000030   Zero   RW         1583    .bss                RTX_CM3.lib(rt_list.o)
    0x100026d4   0x00004d14   0x00000004   PAD
    0x100026d8        -       0x00002000   Zero   RW          678    HEAP                startup_lpc17xx.o
    0x100046d8        -       0x00002000   Zero   RW          677    STACK               startup_lpc17xx.o


==============================================================================

Image component sizes


      Code (inc. data)   RO Data    RW Data    ZI Data      Debug   Object Name

       584         16          0          0          0       2358   gamelogic.o
      2778        100       6272          5          0      35955   glcd_spi_lpc1700.o
         0          0          0       5168          0        721   graphics.o
      1760        202          0          0          0       7285   lcd_display.o
       250         28         68          4         16       8767   main.o
        48          6          0          0          0       1899   pollingio.o
        82          4          0         12          0       2842   retarget.o
        62          6        104         16       4400       7600   rtx_conf_cm.o
        40         12        204          0      16384        988   startup_lpc17xx.o
       320         18          0          4          0        803   system_lpc17xx.o
       616         86          0         32        128      32303   uart.o

    ----------------------------------------------------------------------
      6558        478       6680       5244      20928     101521   Object Totals
         0          0         32          0          0          0   (incl. Generated)
        18          0          0          3          0          0   (incl. Padding)

    ----------------------------------------------------------------------

      Code (inc. data)   RO Data    RW Data    ZI Data      Debug   Library Member Name

       238         24          0          1          0       3312   hal_cm.o
       304         36          0          0          0        768   hal_cm3.o
      1364        164          0          8          0      36706   rt_cmsis.o
        80          4          0          0          0        661   rt_event.o
       530         34          0          0         48       8253   rt_list.o
       554         10          0          0          0       3949   rt_mailbox.o
       140          0          0          0          0       1925   rt_membox.o
       128          0          0          0          0       2307   rt_memory.o
       352         14          0          0          0       2105   rt_mutex.o
        96         22          0          8          0       1158   rt_robin.o
        52          4          0          0          0        573   rt_semaphore.o
       298         52          0          8          0       6223   rt_system.o
      1216        174          0          8         52       9649   rt_task.o
         6          0          0          4          0        652   rt_time.o
         4          4          0          0          0        208   svc_table.o
        94          0          0          0          0          0   __dclz77c.o
         0          0          0          0          0          0   entry.o
         0          0          0          0          0          0   entry10a.o
         0          0          0          0          0          0   entry11a.o
         8          4          0          0          0          0   entry2.o
         4          0          0          0          0          0   entry5.o
         0          0          0          0          0          0   entry7b.o
         0          0          0          0          0          0   entry8b.o
        30          0          0          0          0          0   handlers.o
        36          8          0          0          0         68   init.o
       108         16          0          0          0         84   malloc.o
        36          0          0          0          0         68   memcpya.o
         0          0          0          8          0          0   mvars.o
       442         18          0          0          0        336   printf1.o
        36         10          0          4          0        136   rand.o
        44          0          0          0          0         80   uidiv.o

    ----------------------------------------------------------------------
      6218        598          0         52        104      79221   Library Totals
        18          0          0          3          4          0   (incl. Padding)

    ----------------------------------------------------------------------

      Code (inc. data)   RO Data    RW Data    ZI Data      Debug   Library Name

      5362        542          0         37        100      78449   RTX_CM3.lib
       838         56          0         12          0        772   mc_w.l

    ----------------------------------------------------------------------
      6218        598          0         52        104      79221   Library Totals

    ----------------------------------------------------------------------

==============================================================================


      Code (inc. data)   RO Data    RW Data    ZI Data      Debug   

     12776       1076       6680       5296      21032     173798   Grand Totals
     12776       1076       6680        276      21032     173798   ELF Image Totals (compressed)
     12776       1076       6680        276          0          0   ROM Totals

==============================================================================

    Total RO  Size (Code + RO Data)                19456 (  19.00kB)
    Total RW  Size (RW Data + ZI Data)             26328 (  25.71kB)
    Total ROM Size (Code + RO Data + RW Data)      19732 (  19.27kB)

==============================================================================

